<?xml version="1.0" encoding="ISO-8859-1" ?>
<link_info>
   <banner>TI ARM Linker PC v20.2.5.LTS</banner>
   <copyright>Copyright (c) 1996-2018 Texas Instruments Incorporated</copyright>
   <link_time>0x6935eedc</link_time>
   <link_errors>0x0</link_errors>
   <output_file>Lab5.out</output_file>
   <entry_point>
      <name>_c_int00_noargs</name>
      <address>0x94b5</address>
   </entry_point>
   <input_file_list>
      <input_file id="fl-2">
         <path>.\</path>
         <kind>object</kind>
         <file>main.obj</file>
         <name>main.obj</name>
      </input_file>
      <input_file id="fl-3">
         <path>.\</path>
         <kind>object</kind>
         <file>threads.obj</file>
         <name>threads.obj</name>
      </input_file>
      <input_file id="fl-4">
         <path>.\</path>
         <kind>object</kind>
         <file>tm4c123gh6pm_startup_ccs.obj</file>
         <name>tm4c123gh6pm_startup_ccs.obj</name>
      </input_file>
      <input_file id="fl-5">
         <path>.\G8RTOS\src\</path>
         <kind>object</kind>
         <file>G8RTOS_CriticalSection.obj</file>
         <name>G8RTOS_CriticalSection.obj</name>
      </input_file>
      <input_file id="fl-6">
         <path>.\G8RTOS\src\</path>
         <kind>object</kind>
         <file>G8RTOS_IPC.obj</file>
         <name>G8RTOS_IPC.obj</name>
      </input_file>
      <input_file id="fl-7">
         <path>.\G8RTOS\src\</path>
         <kind>object</kind>
         <file>G8RTOS_Scheduler.obj</file>
         <name>G8RTOS_Scheduler.obj</name>
      </input_file>
      <input_file id="fl-8">
         <path>.\G8RTOS\src\</path>
         <kind>object</kind>
         <file>G8RTOS_SchedulerASM.obj</file>
         <name>G8RTOS_SchedulerASM.obj</name>
      </input_file>
      <input_file id="fl-9">
         <path>.\G8RTOS\src\</path>
         <kind>object</kind>
         <file>G8RTOS_Semaphores.obj</file>
         <name>G8RTOS_Semaphores.obj</name>
      </input_file>
      <input_file id="fl-a">
         <path>.\MiscFunctions\LinAlg\src\</path>
         <kind>object</kind>
         <file>linalg.obj</file>
         <name>linalg.obj</name>
      </input_file>
      <input_file id="fl-b">
         <path>.\MiscFunctions\LinAlg\src\</path>
         <kind>object</kind>
         <file>quaternions.obj</file>
         <name>quaternions.obj</name>
      </input_file>
      <input_file id="fl-c">
         <path>.\MiscFunctions\LinAlg\src\</path>
         <kind>object</kind>
         <file>vect3d.obj</file>
         <name>vect3d.obj</name>
      </input_file>
      <input_file id="fl-d">
         <path>.\MiscFunctions\Shapes\src\</path>
         <kind>object</kind>
         <file>cube.obj</file>
         <name>cube.obj</name>
      </input_file>
      <input_file id="fl-e">
         <path>.\MiscFunctions\Signals\src\</path>
         <kind>object</kind>
         <file>goertzel.obj</file>
         <name>goertzel.obj</name>
      </input_file>
      <input_file id="fl-f">
         <path>.\MultimodDrivers\src\</path>
         <kind>object</kind>
         <file>GFX_Library.obj</file>
         <name>GFX_Library.obj</name>
      </input_file>
      <input_file id="fl-10">
         <path>.\MultimodDrivers\src\</path>
         <kind>object</kind>
         <file>SPI_string.obj</file>
         <name>SPI_string.obj</name>
      </input_file>
      <input_file id="fl-11">
         <path>.\MultimodDrivers\src\</path>
         <kind>object</kind>
         <file>multimod_BMI160.obj</file>
         <name>multimod_BMI160.obj</name>
      </input_file>
      <input_file id="fl-12">
         <path>.\MultimodDrivers\src\</path>
         <kind>object</kind>
         <file>multimod_LaunchpadButtons.obj</file>
         <name>multimod_LaunchpadButtons.obj</name>
      </input_file>
      <input_file id="fl-13">
         <path>.\MultimodDrivers\src\</path>
         <kind>object</kind>
         <file>multimod_LaunchpadLED.obj</file>
         <name>multimod_LaunchpadLED.obj</name>
      </input_file>
      <input_file id="fl-14">
         <path>.\MultimodDrivers\src\</path>
         <kind>object</kind>
         <file>multimod_OPT3001.obj</file>
         <name>multimod_OPT3001.obj</name>
      </input_file>
      <input_file id="fl-15">
         <path>.\MultimodDrivers\src\</path>
         <kind>object</kind>
         <file>multimod_PCA9555.obj</file>
         <name>multimod_PCA9555.obj</name>
      </input_file>
      <input_file id="fl-16">
         <path>.\MultimodDrivers\src\</path>
         <kind>object</kind>
         <file>multimod_PCA9956b.obj</file>
         <name>multimod_PCA9956b.obj</name>
      </input_file>
      <input_file id="fl-17">
         <path>.\MultimodDrivers\src\</path>
         <kind>object</kind>
         <file>multimod_ST7789.obj</file>
         <name>multimod_ST7789.obj</name>
      </input_file>
      <input_file id="fl-18">
         <path>.\MultimodDrivers\src\</path>
         <kind>object</kind>
         <file>multimod_buttons.obj</file>
         <name>multimod_buttons.obj</name>
      </input_file>
      <input_file id="fl-19">
         <path>.\MultimodDrivers\src\</path>
         <kind>object</kind>
         <file>multimod_dac.obj</file>
         <name>multimod_dac.obj</name>
      </input_file>
      <input_file id="fl-1a">
         <path>.\MultimodDrivers\src\</path>
         <kind>object</kind>
         <file>multimod_i2c.obj</file>
         <name>multimod_i2c.obj</name>
      </input_file>
      <input_file id="fl-1b">
         <path>.\MultimodDrivers\src\</path>
         <kind>object</kind>
         <file>multimod_joystick.obj</file>
         <name>multimod_joystick.obj</name>
      </input_file>
      <input_file id="fl-1c">
         <path>.\MultimodDrivers\src\</path>
         <kind>object</kind>
         <file>multimod_mic.obj</file>
         <name>multimod_mic.obj</name>
      </input_file>
      <input_file id="fl-1d">
         <path>.\MultimodDrivers\src\</path>
         <kind>object</kind>
         <file>multimod_spi.obj</file>
         <name>multimod_spi.obj</name>
      </input_file>
      <input_file id="fl-1e">
         <path>.\MultimodDrivers\src\</path>
         <kind>object</kind>
         <file>multimod_uart.obj</file>
         <name>multimod_uart.obj</name>
      </input_file>
      <input_file id="fl-1f">
         <path>.\driverlib\</path>
         <kind>object</kind>
         <file>adc.obj</file>
         <name>adc.obj</name>
      </input_file>
      <input_file id="fl-20">
         <path>.\driverlib\</path>
         <kind>object</kind>
         <file>aes.obj</file>
         <name>aes.obj</name>
      </input_file>
      <input_file id="fl-21">
         <path>.\driverlib\</path>
         <kind>object</kind>
         <file>can.obj</file>
         <name>can.obj</name>
      </input_file>
      <input_file id="fl-22">
         <path>.\driverlib\</path>
         <kind>object</kind>
         <file>comp.obj</file>
         <name>comp.obj</name>
      </input_file>
      <input_file id="fl-23">
         <path>.\driverlib\</path>
         <kind>object</kind>
         <file>cpu.obj</file>
         <name>cpu.obj</name>
      </input_file>
      <input_file id="fl-24">
         <path>.\driverlib\</path>
         <kind>object</kind>
         <file>crc.obj</file>
         <name>crc.obj</name>
      </input_file>
      <input_file id="fl-25">
         <path>.\driverlib\</path>
         <kind>object</kind>
         <file>des.obj</file>
         <name>des.obj</name>
      </input_file>
      <input_file id="fl-26">
         <path>.\driverlib\</path>
         <kind>object</kind>
         <file>eeprom.obj</file>
         <name>eeprom.obj</name>
      </input_file>
      <input_file id="fl-27">
         <path>.\driverlib\</path>
         <kind>object</kind>
         <file>emac.obj</file>
         <name>emac.obj</name>
      </input_file>
      <input_file id="fl-28">
         <path>.\driverlib\</path>
         <kind>object</kind>
         <file>epi.obj</file>
         <name>epi.obj</name>
      </input_file>
      <input_file id="fl-29">
         <path>.\driverlib\</path>
         <kind>object</kind>
         <file>epi_workaround_ccs.obj</file>
         <name>epi_workaround_ccs.obj</name>
      </input_file>
      <input_file id="fl-2a">
         <path>.\driverlib\</path>
         <kind>object</kind>
         <file>flash.obj</file>
         <name>flash.obj</name>
      </input_file>
      <input_file id="fl-2b">
         <path>.\driverlib\</path>
         <kind>object</kind>
         <file>fpu.obj</file>
         <name>fpu.obj</name>
      </input_file>
      <input_file id="fl-2c">
         <path>.\driverlib\</path>
         <kind>object</kind>
         <file>gpio.obj</file>
         <name>gpio.obj</name>
      </input_file>
      <input_file id="fl-2d">
         <path>.\driverlib\</path>
         <kind>object</kind>
         <file>hibernate.obj</file>
         <name>hibernate.obj</name>
      </input_file>
      <input_file id="fl-2e">
         <path>.\driverlib\</path>
         <kind>object</kind>
         <file>i2c.obj</file>
         <name>i2c.obj</name>
      </input_file>
      <input_file id="fl-2f">
         <path>.\driverlib\</path>
         <kind>object</kind>
         <file>interrupt.obj</file>
         <name>interrupt.obj</name>
      </input_file>
      <input_file id="fl-30">
         <path>.\driverlib\</path>
         <kind>object</kind>
         <file>lcd.obj</file>
         <name>lcd.obj</name>
      </input_file>
      <input_file id="fl-31">
         <path>.\driverlib\</path>
         <kind>object</kind>
         <file>mpu.obj</file>
         <name>mpu.obj</name>
      </input_file>
      <input_file id="fl-32">
         <path>.\driverlib\</path>
         <kind>object</kind>
         <file>onewire.obj</file>
         <name>onewire.obj</name>
      </input_file>
      <input_file id="fl-33">
         <path>.\driverlib\</path>
         <kind>object</kind>
         <file>pwm.obj</file>
         <name>pwm.obj</name>
      </input_file>
      <input_file id="fl-34">
         <path>.\driverlib\</path>
         <kind>object</kind>
         <file>qei.obj</file>
         <name>qei.obj</name>
      </input_file>
      <input_file id="fl-35">
         <path>.\driverlib\</path>
         <kind>object</kind>
         <file>shamd5.obj</file>
         <name>shamd5.obj</name>
      </input_file>
      <input_file id="fl-36">
         <path>.\driverlib\</path>
         <kind>object</kind>
         <file>ssi.obj</file>
         <name>ssi.obj</name>
      </input_file>
      <input_file id="fl-37">
         <path>.\driverlib\</path>
         <kind>object</kind>
         <file>sw_crc.obj</file>
         <name>sw_crc.obj</name>
      </input_file>
      <input_file id="fl-38">
         <path>.\driverlib\</path>
         <kind>object</kind>
         <file>sysctl.obj</file>
         <name>sysctl.obj</name>
      </input_file>
      <input_file id="fl-39">
         <path>.\driverlib\</path>
         <kind>object</kind>
         <file>sysexc.obj</file>
         <name>sysexc.obj</name>
      </input_file>
      <input_file id="fl-3a">
         <path>.\driverlib\</path>
         <kind>object</kind>
         <file>systick.obj</file>
         <name>systick.obj</name>
      </input_file>
      <input_file id="fl-3b">
         <path>.\driverlib\</path>
         <kind>object</kind>
         <file>timer.obj</file>
         <name>timer.obj</name>
      </input_file>
      <input_file id="fl-3c">
         <path>.\driverlib\</path>
         <kind>object</kind>
         <file>uart.obj</file>
         <name>uart.obj</name>
      </input_file>
      <input_file id="fl-3d">
         <path>.\driverlib\</path>
         <kind>object</kind>
         <file>uartstdio.obj</file>
         <name>uartstdio.obj</name>
      </input_file>
      <input_file id="fl-3e">
         <path>.\driverlib\</path>
         <kind>object</kind>
         <file>udma.obj</file>
         <name>udma.obj</name>
      </input_file>
      <input_file id="fl-3f">
         <path>.\driverlib\</path>
         <kind>object</kind>
         <file>usb.obj</file>
         <name>usb.obj</name>
      </input_file>
      <input_file id="fl-40">
         <path>.\driverlib\</path>
         <kind>object</kind>
         <file>watchdog.obj</file>
         <name>watchdog.obj</name>
      </input_file>
      <input_file id="fl-48">
         <kind>object</kind>
         <file>&lt;internal&gt;</file>
         <name>&lt;internal&gt;</name>
      </input_file>
      <input_file id="fl-fe">
         <path>C:\ti\ccs1110\ccs\tools\compiler\ti-cgt-arm_20.2.5.LTS\lib\</path>
         <kind>archive</kind>
         <file>rtsv7M4_T_le_v4SPD16_eabi.lib</file>
         <name>s_cexp.c.obj</name>
      </input_file>
      <input_file id="fl-ff">
         <path>C:\ti\ccs1110\ccs\tools\compiler\ti-cgt-arm_20.2.5.LTS\lib\</path>
         <kind>archive</kind>
         <file>rtsv7M4_T_le_v4SPD16_eabi.lib</file>
         <name>e_exp.c.obj</name>
      </input_file>
      <input_file id="fl-100">
         <path>C:\ti\ccs1110\ccs\tools\compiler\ti-cgt-arm_20.2.5.LTS\lib\</path>
         <kind>archive</kind>
         <file>rtsv7M4_T_le_v4SPD16_eabi.lib</file>
         <name>e_sqrt.c.obj</name>
      </input_file>
      <input_file id="fl-101">
         <path>C:\ti\ccs1110\ccs\tools\compiler\ti-cgt-arm_20.2.5.LTS\lib\</path>
         <kind>archive</kind>
         <file>rtsv7M4_T_le_v4SPD16_eabi.lib</file>
         <name>s_cos.c.obj</name>
      </input_file>
      <input_file id="fl-102">
         <path>C:\ti\ccs1110\ccs\tools\compiler\ti-cgt-arm_20.2.5.LTS\lib\</path>
         <kind>archive</kind>
         <file>rtsv7M4_T_le_v4SPD16_eabi.lib</file>
         <name>s_sin.c.obj</name>
      </input_file>
      <input_file id="fl-103">
         <path>C:\ti\ccs1110\ccs\tools\compiler\ti-cgt-arm_20.2.5.LTS\lib\</path>
         <kind>archive</kind>
         <file>rtsv7M4_T_le_v4SPD16_eabi.lib</file>
         <name>c99_complex.c.obj</name>
      </input_file>
      <input_file id="fl-104">
         <path>C:\ti\ccs1110\ccs\tools\compiler\ti-cgt-arm_20.2.5.LTS\lib\</path>
         <kind>archive</kind>
         <file>rtsv7M4_T_le_v4SPD16_eabi.lib</file>
         <name>e_powf.c.obj</name>
      </input_file>
      <input_file id="fl-105">
         <path>C:\ti\ccs1110\ccs\tools\compiler\ti-cgt-arm_20.2.5.LTS\lib\</path>
         <kind>archive</kind>
         <file>rtsv7M4_T_le_v4SPD16_eabi.lib</file>
         <name>e_sqrtf.c.obj</name>
      </input_file>
      <input_file id="fl-106">
         <path>C:\ti\ccs1110\ccs\tools\compiler\ti-cgt-arm_20.2.5.LTS\lib\</path>
         <kind>archive</kind>
         <file>rtsv7M4_T_le_v4SPD16_eabi.lib</file>
         <name>s_lrint.c.obj</name>
      </input_file>
      <input_file id="fl-107">
         <path>C:\ti\ccs1110\ccs\tools\compiler\ti-cgt-arm_20.2.5.LTS\lib\</path>
         <kind>archive</kind>
         <file>rtsv7M4_T_le_v4SPD16_eabi.lib</file>
         <name>s_scalbnf.c.obj</name>
      </input_file>
      <input_file id="fl-108">
         <path>C:\ti\ccs1110\ccs\tools\compiler\ti-cgt-arm_20.2.5.LTS\lib\</path>
         <kind>archive</kind>
         <file>rtsv7M4_T_le_v4SPD16_eabi.lib</file>
         <name>fd_add_t2.asm.obj</name>
      </input_file>
      <input_file id="fl-109">
         <path>C:\ti\ccs1110\ccs\tools\compiler\ti-cgt-arm_20.2.5.LTS\lib\</path>
         <kind>archive</kind>
         <file>rtsv7M4_T_le_v4SPD16_eabi.lib</file>
         <name>fd_cmp_t2.asm.obj</name>
      </input_file>
      <input_file id="fl-10a">
         <path>C:\ti\ccs1110\ccs\tools\compiler\ti-cgt-arm_20.2.5.LTS\lib\</path>
         <kind>archive</kind>
         <file>rtsv7M4_T_le_v4SPD16_eabi.lib</file>
         <name>fd_div_t2.asm.obj</name>
      </input_file>
      <input_file id="fl-10b">
         <path>C:\ti\ccs1110\ccs\tools\compiler\ti-cgt-arm_20.2.5.LTS\lib\</path>
         <kind>archive</kind>
         <file>rtsv7M4_T_le_v4SPD16_eabi.lib</file>
         <name>fd_mul_t2.asm.obj</name>
      </input_file>
      <input_file id="fl-10c">
         <path>C:\ti\ccs1110\ccs\tools\compiler\ti-cgt-arm_20.2.5.LTS\lib\</path>
         <kind>archive</kind>
         <file>rtsv7M4_T_le_v4SPD16_eabi.lib</file>
         <name>fd_toi_t2.asm.obj</name>
      </input_file>
      <input_file id="fl-10d">
         <path>C:\ti\ccs1110\ccs\tools\compiler\ti-cgt-arm_20.2.5.LTS\lib\</path>
         <kind>archive</kind>
         <file>rtsv7M4_T_le_v4SPD16_eabi.lib</file>
         <name>fd_tos_t2.asm.obj</name>
      </input_file>
      <input_file id="fl-10e">
         <path>C:\ti\ccs1110\ccs\tools\compiler\ti-cgt-arm_20.2.5.LTS\lib\</path>
         <kind>archive</kind>
         <file>rtsv7M4_T_le_v4SPD16_eabi.lib</file>
         <name>fs_tod_t2.asm.obj</name>
      </input_file>
      <input_file id="fl-10f">
         <path>C:\ti\ccs1110\ccs\tools\compiler\ti-cgt-arm_20.2.5.LTS\lib\</path>
         <kind>archive</kind>
         <file>rtsv7M4_T_le_v4SPD16_eabi.lib</file>
         <name>i_tofd_t2.asm.obj</name>
      </input_file>
      <input_file id="fl-110">
         <path>C:\ti\ccs1110\ccs\tools\compiler\ti-cgt-arm_20.2.5.LTS\lib\</path>
         <kind>archive</kind>
         <file>rtsv7M4_T_le_v4SPD16_eabi.lib</file>
         <name>memcpy_t2.asm.obj</name>
      </input_file>
      <input_file id="fl-111">
         <path>C:\ti\ccs1110\ccs\tools\compiler\ti-cgt-arm_20.2.5.LTS\lib\</path>
         <kind>archive</kind>
         <file>rtsv7M4_T_le_v4SPD16_eabi.lib</file>
         <name>u_tofd_t2.asm.obj</name>
      </input_file>
      <input_file id="fl-112">
         <path>C:\ti\ccs1110\ccs\tools\compiler\ti-cgt-arm_20.2.5.LTS\lib\</path>
         <kind>archive</kind>
         <file>rtsv7M4_T_le_v4SPD16_eabi.lib</file>
         <name>u_divt2.asm.obj</name>
      </input_file>
      <input_file id="fl-113">
         <path>C:\ti\ccs1110\ccs\tools\compiler\ti-cgt-arm_20.2.5.LTS\lib\</path>
         <kind>archive</kind>
         <file>rtsv7M4_T_le_v4SPD16_eabi.lib</file>
         <name>memset_t2.asm.obj</name>
      </input_file>
      <input_file id="fl-114">
         <path>C:\ti\ccs1110\ccs\tools\compiler\ti-cgt-arm_20.2.5.LTS\lib\</path>
         <kind>archive</kind>
         <file>rtsv7M4_T_le_v4SPD16_eabi.lib</file>
         <name>copy_zero_init.c.obj</name>
      </input_file>
      <input_file id="fl-115">
         <path>C:\ti\ccs1110\ccs\tools\compiler\ti-cgt-arm_20.2.5.LTS\lib\</path>
         <kind>archive</kind>
         <file>rtsv7M4_T_le_v4SPD16_eabi.lib</file>
         <name>copy_decompress_none.c.obj</name>
      </input_file>
      <input_file id="fl-116">
         <path>C:\ti\ccs1110\ccs\tools\compiler\ti-cgt-arm_20.2.5.LTS\lib\</path>
         <kind>archive</kind>
         <file>rtsv7M4_T_le_v4SPD16_eabi.lib</file>
         <name>copy_decompress_lzss.c.obj</name>
      </input_file>
      <input_file id="fl-117">
         <path>C:\ti\ccs1110\ccs\tools\compiler\ti-cgt-arm_20.2.5.LTS\lib\</path>
         <kind>archive</kind>
         <file>rtsv7M4_T_le_v4SPD16_eabi.lib</file>
         <name>strncpy.c.obj</name>
      </input_file>
      <input_file id="fl-118">
         <path>C:\ti\ccs1110\ccs\tools\compiler\ti-cgt-arm_20.2.5.LTS\lib\</path>
         <kind>archive</kind>
         <file>rtsv7M4_T_le_v4SPD16_eabi.lib</file>
         <name>k_rem_pio2.c.obj</name>
      </input_file>
      <input_file id="fl-119">
         <path>C:\ti\ccs1110\ccs\tools\compiler\ti-cgt-arm_20.2.5.LTS\lib\</path>
         <kind>archive</kind>
         <file>rtsv7M4_T_le_v4SPD16_eabi.lib</file>
         <name>errno.c.obj</name>
      </input_file>
      <input_file id="fl-11a">
         <path>C:\ti\ccs1110\ccs\tools\compiler\ti-cgt-arm_20.2.5.LTS\lib\</path>
         <kind>archive</kind>
         <file>rtsv7M4_T_le_v4SPD16_eabi.lib</file>
         <name>boot_cortex_m.c.obj</name>
      </input_file>
      <input_file id="fl-11b">
         <path>C:\ti\ccs1110\ccs\tools\compiler\ti-cgt-arm_20.2.5.LTS\lib\</path>
         <kind>archive</kind>
         <file>rtsv7M4_T_le_v4SPD16_eabi.lib</file>
         <name>s_copysignf.c.obj</name>
      </input_file>
      <input_file id="fl-11c">
         <path>C:\ti\ccs1110\ccs\tools\compiler\ti-cgt-arm_20.2.5.LTS\lib\</path>
         <kind>archive</kind>
         <file>rtsv7M4_T_le_v4SPD16_eabi.lib</file>
         <name>k_exp.c.obj</name>
      </input_file>
      <input_file id="fl-11d">
         <path>C:\ti\ccs1110\ccs\tools\compiler\ti-cgt-arm_20.2.5.LTS\lib\</path>
         <kind>archive</kind>
         <file>rtsv7M4_T_le_v4SPD16_eabi.lib</file>
         <name>k_cos.c.obj</name>
      </input_file>
      <input_file id="fl-11e">
         <path>C:\ti\ccs1110\ccs\tools\compiler\ti-cgt-arm_20.2.5.LTS\lib\</path>
         <kind>archive</kind>
         <file>rtsv7M4_T_le_v4SPD16_eabi.lib</file>
         <name>k_sin.c.obj</name>
      </input_file>
      <input_file id="fl-11f">
         <path>C:\ti\ccs1110\ccs\tools\compiler\ti-cgt-arm_20.2.5.LTS\lib\</path>
         <kind>archive</kind>
         <file>rtsv7M4_T_le_v4SPD16_eabi.lib</file>
         <name>s_floor.c.obj</name>
      </input_file>
      <input_file id="fl-120">
         <path>C:\ti\ccs1110\ccs\tools\compiler\ti-cgt-arm_20.2.5.LTS\lib\</path>
         <kind>archive</kind>
         <file>rtsv7M4_T_le_v4SPD16_eabi.lib</file>
         <name>s_rint.c.obj</name>
      </input_file>
      <input_file id="fl-121">
         <path>C:\ti\ccs1110\ccs\tools\compiler\ti-cgt-arm_20.2.5.LTS\lib\</path>
         <kind>archive</kind>
         <file>rtsv7M4_T_le_v4SPD16_eabi.lib</file>
         <name>s_scalbn.c.obj</name>
      </input_file>
      <input_file id="fl-122">
         <path>C:\ti\ccs1110\ccs\tools\compiler\ti-cgt-arm_20.2.5.LTS\lib\</path>
         <kind>archive</kind>
         <file>rtsv7M4_T_le_v4SPD16_eabi.lib</file>
         <name>ti_fenv.c.obj</name>
      </input_file>
      <input_file id="fl-123">
         <path>C:\ti\ccs1110\ccs\tools\compiler\ti-cgt-arm_20.2.5.LTS\lib\</path>
         <kind>archive</kind>
         <file>rtsv7M4_T_le_v4SPD16_eabi.lib</file>
         <name>div0.asm.obj</name>
      </input_file>
      <input_file id="fl-124">
         <path>C:\ti\ccs1110\ccs\tools\compiler\ti-cgt-arm_20.2.5.LTS\lib\</path>
         <kind>archive</kind>
         <file>rtsv7M4_T_le_v4SPD16_eabi.lib</file>
         <name>autoinit.c.obj</name>
      </input_file>
      <input_file id="fl-125">
         <path>C:\ti\ccs1110\ccs\tools\compiler\ti-cgt-arm_20.2.5.LTS\lib\</path>
         <kind>archive</kind>
         <file>rtsv7M4_T_le_v4SPD16_eabi.lib</file>
         <name>pre_init.c.obj</name>
      </input_file>
      <input_file id="fl-126">
         <path>C:\ti\ccs1110\ccs\tools\compiler\ti-cgt-arm_20.2.5.LTS\lib\</path>
         <kind>archive</kind>
         <file>rtsv7M4_T_le_v4SPD16_eabi.lib</file>
         <name>cpy_tbl.c.obj</name>
      </input_file>
      <input_file id="fl-127">
         <path>C:\ti\ccs1110\ccs\tools\compiler\ti-cgt-arm_20.2.5.LTS\lib\</path>
         <kind>archive</kind>
         <file>rtsv7M4_T_le_v4SPD16_eabi.lib</file>
         <name>exit.c.obj</name>
      </input_file>
      <input_file id="fl-128">
         <path>C:\ti\ccs1110\ccs\tools\compiler\ti-cgt-arm_20.2.5.LTS\lib\</path>
         <kind>archive</kind>
         <file>rtsv7M4_T_le_v4SPD16_eabi.lib</file>
         <name>_lock.c.obj</name>
      </input_file>
      <input_file id="fl-129">
         <path>C:\ti\ccs1110\ccs\tools\compiler\ti-cgt-arm_20.2.5.LTS\lib\</path>
         <kind>archive</kind>
         <file>rtsv7M4_T_le_v4SPD16_eabi.lib</file>
         <name>args_main.c.obj</name>
      </input_file>
      <input_file id="fl-12a">
         <path>C:\ti\ccs1110\ccs\tools\compiler\ti-cgt-arm_20.2.5.LTS\lib\</path>
         <kind>archive</kind>
         <file>rtsv7M4_T_le_v4SPD16_eabi.lib</file>
         <name>signal.c.obj</name>
      </input_file>
      <input_file id="fl-12b">
         <path>C:\ti\ccs1110\ccs\tools\compiler\ti-cgt-arm_20.2.5.LTS\lib\</path>
         <kind>archive</kind>
         <file>rtsv7M4_T_le_v4SPD16_eabi.lib</file>
         <name>s_copysign.c.obj</name>
      </input_file>
   </input_file_list>
   <object_component_list>
      <object_component id="oc-12">
         <name>.intvecs</name>
         <load_address>0x0</load_address>
         <run_address>0x0</run_address>
         <size>0x26c</size>
         <input_file_ref idref="fl-4"/>
      </object_component>
      <object_component id="oc-101">
         <name>.text</name>
         <load_address>0x26c</load_address>
         <run_address>0x26c</run_address>
         <size>0x1b90</size>
         <input_file_ref idref="fl-3"/>
      </object_component>
      <object_component id="oc-1e8">
         <name>.text</name>
         <load_address>0x1dfc</load_address>
         <run_address>0x1dfc</run_address>
         <size>0x19c0</size>
         <input_file_ref idref="fl-f"/>
      </object_component>
      <object_component id="oc-e1">
         <name>.text</name>
         <load_address>0x37bc</load_address>
         <run_address>0x37bc</run_address>
         <size>0xf80</size>
         <input_file_ref idref="fl-38"/>
      </object_component>
      <object_component id="oc-157">
         <name>.text</name>
         <load_address>0x473c</load_address>
         <run_address>0x473c</run_address>
         <size>0xc14</size>
         <input_file_ref idref="fl-2c"/>
      </object_component>
      <object_component id="oc-178">
         <name>.text</name>
         <load_address>0x5350</load_address>
         <run_address>0x5350</run_address>
         <size>0x840</size>
         <input_file_ref idref="fl-1f"/>
      </object_component>
      <object_component id="oc-c9">
         <name>.text</name>
         <load_address>0x5b90</load_address>
         <run_address>0x5b90</run_address>
         <size>0x740</size>
         <input_file_ref idref="fl-17"/>
      </object_component>
      <object_component id="oc-261">
         <name>.text</name>
         <load_address>0x62d0</load_address>
         <run_address>0x62d0</run_address>
         <size>0x6f8</size>
         <input_file_ref idref="fl-2e"/>
      </object_component>
      <object_component id="oc-e8">
         <name>.text</name>
         <load_address>0x69c8</load_address>
         <run_address>0x69c8</run_address>
         <size>0x6ec</size>
         <input_file_ref idref="fl-7"/>
      </object_component>
      <object_component id="oc-164">
         <name>.text</name>
         <load_address>0x70b4</load_address>
         <run_address>0x70b4</run_address>
         <size>0x62e</size>
         <input_file_ref idref="fl-3c"/>
      </object_component>
      <object_component id="oc-2ab">
         <name>.text</name>
         <load_address>0x76e2</load_address>
         <run_address>0x76e2</run_address>
         <size>0x2</size>
         <input_file_ref idref="fl-123"/>
      </object_component>
      <object_component id="oc-16a">
         <name>.text</name>
         <load_address>0x76e4</load_address>
         <run_address>0x76e4</run_address>
         <size>0x4a8</size>
         <input_file_ref idref="fl-3d"/>
      </object_component>
      <object_component id="oc-183">
         <name>.text</name>
         <load_address>0x7b8c</load_address>
         <run_address>0x7b8c</run_address>
         <size>0x3c0</size>
         <input_file_ref idref="fl-2f"/>
      </object_component>
      <object_component id="oc-243">
         <name>.text</name>
         <load_address>0x7f4c</load_address>
         <run_address>0x7f4c</run_address>
         <size>0x362</size>
         <input_file_ref idref="fl-36"/>
      </object_component>
      <object_component id="oc-171">
         <name>.text</name>
         <load_address>0x82b0</load_address>
         <run_address>0x82b0</run_address>
         <size>0x294</size>
         <input_file_ref idref="fl-1a"/>
      </object_component>
      <object_component id="oc-1ee">
         <name>.text</name>
         <load_address>0x8544</load_address>
         <run_address>0x8544</run_address>
         <size>0x1f4</size>
         <input_file_ref idref="fl-10"/>
      </object_component>
      <object_component id="oc-f4">
         <name>.text</name>
         <load_address>0x8738</load_address>
         <run_address>0x8738</run_address>
         <size>0x1e0</size>
         <input_file_ref idref="fl-6"/>
      </object_component>
      <object_component id="oc-2cc">
         <name>.text</name>
         <load_address>0x8918</load_address>
         <run_address>0x8918</run_address>
         <size>0x1b6</size>
         <input_file_ref idref="fl-108"/>
      </object_component>
      <object_component id="oc-15d">
         <name>.text</name>
         <load_address>0x8ad0</load_address>
         <run_address>0x8ad0</run_address>
         <size>0x18c</size>
         <input_file_ref idref="fl-1d"/>
      </object_component>
      <object_component id="oc-2c7">
         <name>.text</name>
         <load_address>0x8c5c</load_address>
         <run_address>0x8c5c</run_address>
         <size>0xfc</size>
         <input_file_ref idref="fl-10b"/>
      </object_component>
      <object_component id="oc-9b">
         <name>.text</name>
         <load_address>0x8d58</load_address>
         <run_address>0x8d58</run_address>
         <size>0xf0</size>
         <input_file_ref idref="fl-2"/>
      </object_component>
      <object_component id="oc-db">
         <name>.text</name>
         <load_address>0x8e48</load_address>
         <run_address>0x8e48</run_address>
         <size>0xf0</size>
         <input_file_ref idref="fl-1b"/>
      </object_component>
      <object_component id="oc-cf">
         <name>.text</name>
         <load_address>0x8f38</load_address>
         <run_address>0x8f38</run_address>
         <size>0xd8</size>
         <input_file_ref idref="fl-1e"/>
      </object_component>
      <object_component id="oc-ee">
         <name>.text</name>
         <load_address>0x9010</load_address>
         <run_address>0x9010</run_address>
         <size>0xb0</size>
         <input_file_ref idref="fl-9"/>
      </object_component>
      <object_component id="oc-3b">
         <name>.text</name>
         <load_address>0x90c0</load_address>
         <run_address>0x90c0</run_address>
         <size>0x9c</size>
         <input_file_ref idref="fl-110"/>
      </object_component>
      <object_component id="oc-19f">
         <name>.text</name>
         <load_address>0x915c</load_address>
         <run_address>0x915c</run_address>
         <size>0x88</size>
         <input_file_ref idref="fl-3a"/>
      </object_component>
      <object_component id="oc-8f">
         <name>.text</name>
         <load_address>0x91e4</load_address>
         <run_address>0x91e4</run_address>
         <size>0x7a</size>
         <input_file_ref idref="fl-113"/>
      </object_component>
      <object_component id="oc-15">
         <name>.text:decompress:lzss:__TI_decompress_lzss</name>
         <load_address>0x925e</load_address>
         <run_address>0x925e</run_address>
         <size>0x68</size>
         <input_file_ref idref="fl-116"/>
      </object_component>
      <object_component id="oc-1a5">
         <name>.text</name>
         <load_address>0x92c8</load_address>
         <run_address>0x92c8</run_address>
         <size>0x60</size>
         <input_file_ref idref="fl-8"/>
      </object_component>
      <object_component id="oc-d5">
         <name>.text</name>
         <load_address>0x9328</load_address>
         <run_address>0x9328</run_address>
         <size>0x4c</size>
         <input_file_ref idref="fl-18"/>
      </object_component>
      <object_component id="oc-2d1">
         <name>.text</name>
         <load_address>0x9374</load_address>
         <run_address>0x9374</run_address>
         <size>0x48</size>
         <input_file_ref idref="fl-10c"/>
      </object_component>
      <object_component id="oc-114">
         <name>.text:__TI_auto_init_nobinit_nopinit:__TI_auto_init_nobinit_nopinit</name>
         <load_address>0x93bc</load_address>
         <run_address>0x93bc</run_address>
         <size>0x44</size>
         <input_file_ref idref="fl-124"/>
      </object_component>
      <object_component id="oc-1d7">
         <name>.text</name>
         <load_address>0x9400</load_address>
         <run_address>0x9400</run_address>
         <size>0x40</size>
         <input_file_ref idref="fl-112"/>
      </object_component>
      <object_component id="oc-189">
         <name>.text</name>
         <load_address>0x9440</load_address>
         <run_address>0x9440</run_address>
         <size>0x3e</size>
         <input_file_ref idref="fl-23"/>
      </object_component>
      <object_component id="oc-20a">
         <name>.text:strncpy</name>
         <load_address>0x947e</load_address>
         <run_address>0x947e</run_address>
         <size>0x36</size>
         <input_file_ref idref="fl-117"/>
      </object_component>
      <object_component id="oc-59">
         <name>.text:_c_int00_noargs:_c_int00_noargs</name>
         <load_address>0x94b4</load_address>
         <run_address>0x94b4</run_address>
         <size>0x34</size>
         <input_file_ref idref="fl-11a"/>
      </object_component>
      <object_component id="oc-2c2">
         <name>.text</name>
         <load_address>0x94e8</load_address>
         <run_address>0x94e8</run_address>
         <size>0x20</size>
         <input_file_ref idref="fl-111"/>
      </object_component>
      <object_component id="oc-1b4">
         <name>.text</name>
         <load_address>0x9508</load_address>
         <run_address>0x9508</run_address>
         <size>0xe</size>
         <input_file_ref idref="fl-5"/>
      </object_component>
      <object_component id="oc-1b">
         <name>.text:decompress:none:__TI_decompress_none</name>
         <load_address>0x9516</load_address>
         <run_address>0x9516</run_address>
         <size>0xe</size>
         <input_file_ref idref="fl-115"/>
      </object_component>
      <object_component id="oc-27">
         <name>.text</name>
         <load_address>0x9524</load_address>
         <run_address>0x9524</run_address>
         <size>0xe</size>
         <input_file_ref idref="fl-4"/>
      </object_component>
      <object_component id="oc-4d">
         <name>.text:decompress:ZI:__TI_zero_init</name>
         <load_address>0x9532</load_address>
         <run_address>0x9532</run_address>
         <size>0xc</size>
         <input_file_ref idref="fl-114"/>
      </object_component>
      <object_component id="oc-e7">
         <name>.text:SysCtlDelay</name>
         <load_address>0x953e</load_address>
         <run_address>0x953e</run_address>
         <size>0x6</size>
         <input_file_ref idref="fl-38"/>
      </object_component>
      <object_component id="oc-95">
         <name>.text:_system_pre_init</name>
         <load_address>0x9544</load_address>
         <run_address>0x9544</run_address>
         <size>0x4</size>
         <input_file_ref idref="fl-125"/>
      </object_component>
      <object_component id="oc-108">
         <name>.text:abort:abort</name>
         <load_address>0x9548</load_address>
         <run_address>0x9548</run_address>
         <size>0x4</size>
         <input_file_ref idref="fl-127"/>
      </object_component>
      <object_component id="oc-2bd">
         <name>.const:font</name>
         <load_address>0x954c</load_address>
         <run_address>0x954c</run_address>
         <size>0x500</size>
         <input_file_ref idref="fl-f"/>
      </object_component>
      <object_component id="oc-2d9">
         <name>.const:font</name>
         <load_address>0x9a4c</load_address>
         <run_address>0x9a4c</run_address>
         <size>0x500</size>
         <input_file_ref idref="fl-10"/>
      </object_component>
      <object_component id="oc-195">
         <name>.const:g_pppui32XTALtoVCO</name>
         <load_address>0x9f4c</load_address>
         <run_address>0x9f4c</run_address>
         <size>0x1b0</size>
         <input_file_ref idref="fl-38"/>
      </object_component>
      <object_component id="oc-23b">
         <name>.const:g_ppui32GPIOIntMapSnowflake</name>
         <load_address>0xa0fc</load_address>
         <run_address>0xa0fc</run_address>
         <size>0xd8</size>
         <input_file_ref idref="fl-2c"/>
      </object_component>
      <object_component id="oc-238">
         <name>.const:g_ppui32GPIOIntMapBlizzard</name>
         <load_address>0xa1d4</load_address>
         <run_address>0xa1d4</run_address>
         <size>0xc0</size>
         <input_file_ref idref="fl-2c"/>
      </object_component>
      <object_component id="oc-278">
         <name>.const:g_pui32Regs</name>
         <load_address>0xa294</load_address>
         <run_address>0xa294</run_address>
         <size>0x9c</size>
         <input_file_ref idref="fl-2f"/>
      </object_component>
      <object_component id="oc-23e">
         <name>.const:g_pui32GPIOBaseAddrs</name>
         <load_address>0xa330</load_address>
         <run_address>0xa330</run_address>
         <size>0x90</size>
         <input_file_ref idref="fl-2c"/>
      </object_component>
      <object_component id="oc-18f">
         <name>.const:g_pui32Xtals</name>
         <load_address>0xa3c0</load_address>
         <run_address>0xa3c0</run_address>
         <size>0x6c</size>
         <input_file_ref idref="fl-38"/>
      </object_component>
      <object_component id="oc-335">
         <name>.const:g_ppui32I2CIntMapSnowflake</name>
         <load_address>0xa42c</load_address>
         <run_address>0xa42c</run_address>
         <size>0x50</size>
         <input_file_ref idref="fl-2e"/>
      </object_component>
      <object_component id="oc-24b">
         <name>.const:g_ppui32UARTIntMap</name>
         <load_address>0xa47c</load_address>
         <run_address>0xa47c</run_address>
         <size>0x40</size>
         <input_file_ref idref="fl-3c"/>
      </object_component>
      <object_component id="oc-24e">
         <name>.const:g_ppui32UARTIntMapSnowflake</name>
         <load_address>0xa4bc</load_address>
         <run_address>0xa4bc</run_address>
         <size>0x40</size>
         <input_file_ref idref="fl-3c"/>
      </object_component>
      <object_component id="oc-332">
         <name>.const:g_ppui32I2CIntMap</name>
         <load_address>0xa4fc</load_address>
         <run_address>0xa4fc</run_address>
         <size>0x30</size>
         <input_file_ref idref="fl-2e"/>
      </object_component>
      <object_component id="oc-1df">
         <name>.const:g_psDaysToMonth</name>
         <load_address>0xa52c</load_address>
         <run_address>0xa52c</run_address>
         <size>0x30</size>
         <input_file_ref idref="fl-3"/>
      </object_component>
      <object_component id="oc-180">
         <name>.const:g_sXTALtoMEMTIM</name>
         <load_address>0xa55c</load_address>
         <run_address>0xa55c</run_address>
         <size>0x30</size>
         <input_file_ref idref="fl-38"/>
      </object_component>
      <object_component id="oc-317">
         <name>.const:g_ppui32SSIIntMap</name>
         <load_address>0xa58c</load_address>
         <run_address>0xa58c</run_address>
         <size>0x20</size>
         <input_file_ref idref="fl-36"/>
      </object_component>
      <object_component id="oc-31a">
         <name>.const:g_ppui32SSIIntMapSnowflake</name>
         <load_address>0xa5ac</load_address>
         <run_address>0xa5ac</run_address>
         <size>0x20</size>
         <input_file_ref idref="fl-36"/>
      </object_component>
      <object_component id="oc-275">
         <name>.const:g_pui32Priority</name>
         <load_address>0xa5cc</load_address>
         <run_address>0xa5cc</run_address>
         <size>0x20</size>
         <input_file_ref idref="fl-2f"/>
      </object_component>
      <object_component id="oc-1e2">
         <name>.const:g_pfExponents</name>
         <load_address>0xa5ec</load_address>
         <run_address>0xa5ec</run_address>
         <size>0x18</size>
         <input_file_ref idref="fl-3"/>
      </object_component>
      <object_component id="oc-27e">
         <name>.const:g_pui32Dii16Regs</name>
         <load_address>0xa604</load_address>
         <run_address>0xa604</run_address>
         <size>0x14</size>
         <input_file_ref idref="fl-2f"/>
      </object_component>
      <object_component id="oc-27b">
         <name>.const:g_pui32EnRegs</name>
         <load_address>0xa618</load_address>
         <run_address>0xa618</run_address>
         <size>0x14</size>
         <input_file_ref idref="fl-2f"/>
      </object_component>
      <object_component id="oc-281">
         <name>.const:g_pui32PendRegs</name>
         <load_address>0xa62c</load_address>
         <run_address>0xa62c</run_address>
         <size>0x14</size>
         <input_file_ref idref="fl-2f"/>
      </object_component>
      <object_component id="oc-284">
         <name>.const:g_pui32UnpendRegs</name>
         <load_address>0xa640</load_address>
         <run_address>0xa640</run_address>
         <size>0x14</size>
         <input_file_ref idref="fl-2f"/>
      </object_component>
      <object_component id="oc-2b1">
         <name>.const:.string</name>
         <load_address>0xa654</load_address>
         <run_address>0xa654</run_address>
         <size>0x12</size>
         <input_file_ref idref="fl-3"/>
      </object_component>
      <object_component id="oc-32d">
         <name>.const:.string</name>
         <load_address>0xa668</load_address>
         <run_address>0xa668</run_address>
         <size>0x12</size>
         <input_file_ref idref="fl-3d"/>
      </object_component>
      <object_component id="oc-201">
         <name>.const:.string:$P$T4$5</name>
         <load_address>0xa67a</load_address>
         <run_address>0xa67a</run_address>
         <size>0xe</size>
         <input_file_ref idref="fl-3"/>
      </object_component>
      <object_component id="oc-259">
         <name>.const:g_ui32UARTBase</name>
         <load_address>0xa688</load_address>
         <run_address>0xa688</run_address>
         <size>0xc</size>
         <input_file_ref idref="fl-3d"/>
      </object_component>
      <object_component id="oc-253">
         <name>.const:g_ui32UARTPeriph</name>
         <load_address>0xa694</load_address>
         <run_address>0xa694</run_address>
         <size>0xc</size>
         <input_file_ref idref="fl-3d"/>
      </object_component>
      <object_component id="oc-1f8">
         <name>.const:.string:$P$T1$2</name>
         <load_address>0xa6a0</load_address>
         <run_address>0xa6a0</run_address>
         <size>0xb</size>
         <input_file_ref idref="fl-3"/>
      </object_component>
      <object_component id="oc-1fe">
         <name>.const:.string:$P$T3$4</name>
         <load_address>0xa6ab</load_address>
         <run_address>0xa6ab</run_address>
         <size>0x9</size>
         <input_file_ref idref="fl-3"/>
      </object_component>
      <object_component id="oc-1f5">
         <name>.const:.string:$P$T0$1</name>
         <load_address>0xa6b4</load_address>
         <run_address>0xa6b4</run_address>
         <size>0x8</size>
         <input_file_ref idref="fl-3"/>
      </object_component>
      <object_component id="oc-1fb">
         <name>.const:.string:$P$T2$3</name>
         <load_address>0xa6bc</load_address>
         <run_address>0xa6bc</run_address>
         <size>0x8</size>
         <input_file_ref idref="fl-3"/>
      </object_component>
      <object_component id="oc-192">
         <name>.const:g_pui32VCOFrequencies</name>
         <load_address>0xa6c4</load_address>
         <run_address>0xa6c4</run_address>
         <size>0x8</size>
         <input_file_ref idref="fl-38"/>
      </object_component>
      <object_component id="oc-204">
         <name>.const:.string:$P$T5$6</name>
         <load_address>0xa6cc</load_address>
         <run_address>0xa6cc</run_address>
         <size>0x7</size>
         <input_file_ref idref="fl-3"/>
      </object_component>
      <object_component id="oc-1dc">
         <name>.const</name>
         <load_address>0xa6d4</load_address>
         <run_address>0xa6d4</run_address>
         <size>0x4</size>
         <input_file_ref idref="fl-3"/>
      </object_component>
      <object_component id="oc-25c">
         <name>.const</name>
         <load_address>0xa6d8</load_address>
         <run_address>0xa6d8</run_address>
         <size>0x4</size>
         <input_file_ref idref="fl-3d"/>
      </object_component>
      <object_component id="oc-3b3">
         <name>.cinit..data.load</name>
         <load_address>0xa6e0</load_address>
         <run_address>0xa6e0</run_address>
         <size>0x1b</size>
      </object_component>
      <object_component id="oc-3b0">
         <name>__TI_handler_table</name>
         <load_address>0xa6fc</load_address>
         <run_address>0xa6fc</run_address>
         <size>0xc</size>
      </object_component>
      <object_component id="oc-3b4">
         <name>.cinit..bss.load</name>
         <load_address>0xa708</load_address>
         <run_address>0xa708</run_address>
         <size>0x8</size>
      </object_component>
      <object_component id="oc-3b2">
         <name>.cinit..vtable.load</name>
         <load_address>0xa710</load_address>
         <run_address>0xa710</run_address>
         <size>0x8</size>
      </object_component>
      <object_component id="oc-3b1">
         <name>__TI_cinit_table</name>
         <load_address>0xa718</load_address>
         <run_address>0xa718</run_address>
         <size>0x18</size>
      </object_component>
      <object_component id="oc-272">
         <name>.vtable</name>
         <uninitialized>true</uninitialized>
         <run_address>0x20000000</run_address>
         <size>0x26c</size>
         <input_file_ref idref="fl-2f"/>
      </object_component>
      <object_component id="oc-1e5">
         <name>.data</name>
         <load_address>0x20003ba4</load_address>
         <run_address>0x20003ba4</run_address>
         <size>0x10</size>
         <input_file_ref idref="fl-3"/>
      </object_component>
      <object_component id="oc-207">
         <name>.data:buffer</name>
         <load_address>0x20003b90</load_address>
         <run_address>0x20003b90</run_address>
         <size>0x14</size>
         <input_file_ref idref="fl-3"/>
      </object_component>
      <object_component id="oc-1c7">
         <name>.data:FIFOs</name>
         <load_address>0x2000272c</load_address>
         <run_address>0x2000272c</run_address>
         <size>0x1464</size>
         <input_file_ref idref="fl-6"/>
      </object_component>
      <object_component id="oc-1bf">
         <name>.data</name>
         <load_address>0x20003bc8</load_address>
         <run_address>0x20003bc8</run_address>
         <size>0x4</size>
         <input_file_ref idref="fl-7"/>
      </object_component>
      <object_component id="oc-2ba">
         <name>.data</name>
         <load_address>0x20003bb4</load_address>
         <run_address>0x20003bb4</run_address>
         <size>0xa</size>
         <input_file_ref idref="fl-f"/>
      </object_component>
      <object_component id="oc-2d6">
         <name>.data</name>
         <load_address>0x20003bbe</load_address>
         <run_address>0x20003bbe</run_address>
         <size>0x1</size>
         <input_file_ref idref="fl-10"/>
      </object_component>
      <object_component id="oc-256">
         <name>.data</name>
         <load_address>0x20003bc0</load_address>
         <run_address>0x20003bc0</run_address>
         <size>0x5</size>
         <input_file_ref idref="fl-3d"/>
      </object_component>
      <object_component id="oc-1b9">
         <name>.bss:threadControlBlocks</name>
         <uninitialized>true</uninitialized>
         <run_address>0x2000246c</run_address>
         <size>0x108</size>
         <input_file_ref idref="fl-7"/>
      </object_component>
      <object_component id="oc-1c2">
         <name>.bss:threadStacks</name>
         <uninitialized>true</uninitialized>
         <run_address>0x2000026c</run_address>
         <size>0x1800</size>
         <input_file_ref idref="fl-7"/>
      </object_component>
      <object_component id="oc-1b1">
         <name>.bss:pthreadControlBlocks</name>
         <uninitialized>true</uninitialized>
         <run_address>0x20002674</run_address>
         <size>0x48</size>
         <input_file_ref idref="fl-7"/>
      </object_component>
      <object_component id="oc-1ae">
         <name>.bss</name>
         <uninitialized>true</uninitialized>
         <run_address>0x200026fc</run_address>
         <size>0x8</size>
         <input_file_ref idref="fl-7"/>
      </object_component>
      <object_component id="oc-269">
         <name>.bss:g_pui8OversampleFactor</name>
         <uninitialized>true</uninitialized>
         <run_address>0x20002704</run_address>
         <size>0x8</size>
         <input_file_ref idref="fl-1f"/>
      </object_component>
      <object_component id="oc-1bc">
         <name>.common:IBit_State</name>
         <uninitialized>true</uninitialized>
         <run_address>0x20002710</run_address>
         <size>0x4</size>
      </object_component>
      <object_component id="oc-fa">
         <name>.common:sem_UART</name>
         <uninitialized>true</uninitialized>
         <run_address>0x20002728</run_address>
         <size>0x4</size>
      </object_component>
      <object_component id="oc-fd">
         <name>.common:sem_I2CA</name>
         <uninitialized>true</uninitialized>
         <run_address>0x20002718</run_address>
         <size>0x4</size>
      </object_component>
      <object_component id="oc-fe">
         <name>.common:sem_SPIA</name>
         <uninitialized>true</uninitialized>
         <run_address>0x20002724</run_address>
         <size>0x4</size>
      </object_component>
      <object_component id="oc-ff">
         <name>.common:sem_PCA9555_Debounce</name>
         <uninitialized>true</uninitialized>
         <run_address>0x20002720</run_address>
         <size>0x4</size>
      </object_component>
      <object_component id="oc-100">
         <name>.common:sem_Joystick_Debounce</name>
         <uninitialized>true</uninitialized>
         <run_address>0x2000271c</run_address>
         <size>0x4</size>
      </object_component>
      <object_component id="oc-1f4">
         <name>.common:title_string</name>
         <uninitialized>true</uninitialized>
         <run_address>0x200026bc</run_address>
         <size>0x40</size>
      </object_component>
      <object_component id="oc-211">
         <name>.common:articles</name>
         <uninitialized>true</uninitialized>
         <run_address>0x20001a6c</run_address>
         <size>0xa00</size>
      </object_component>
      <object_component id="oc-210">
         <name>.common:uart_line</name>
         <uninitialized>true</uninitialized>
         <run_address>0x20002574</run_address>
         <size>0x100</size>
      </object_component>
      <object_component id="oc-1aa">
         <name>.common:SystemTime</name>
         <uninitialized>true</uninitialized>
         <run_address>0x20002714</run_address>
         <size>0x4</size>
      </object_component>
      <object_component id="oc-1ad">
         <name>.common:CurrentlyRunningThread</name>
         <uninitialized>true</uninitialized>
         <run_address>0x2000270c</run_address>
         <size>0x4</size>
      </object_component>
      <object_component id="oc-24">
         <name>.stack</name>
         <uninitialized>true</uninitialized>
         <run_address>0x20003bd0</run_address>
         <size>0x4</size>
         <input_file_ref idref="fl-11a"/>
      </object_component>
      <object_component id="oc-3b6">
         <name>.stack</name>
         <uninitialized>true</uninitialized>
         <run_address>0x20003bd0</run_address>
         <size>0x0</size>
      </object_component>
      <object_component id="oc-b7">
         <name>.debug_info</name>
         <load_address>0x0</load_address>
         <run_address>0x0</run_address>
         <size>0x769</size>
         <input_file_ref idref="fl-2"/>
      </object_component>
      <object_component id="oc-9e">
         <name>.debug_info</name>
         <load_address>0x769</load_address>
         <run_address>0x769</run_address>
         <size>0x3be</size>
         <input_file_ref idref="fl-2"/>
      </object_component>
      <object_component id="oc-152">
         <name>.debug_info</name>
         <load_address>0xb27</load_address>
         <run_address>0xb27</run_address>
         <size>0x7e</size>
         <input_file_ref idref="fl-2"/>
      </object_component>
      <object_component id="oc-70">
         <name>.debug_info</name>
         <load_address>0xba5</load_address>
         <run_address>0xba5</run_address>
         <size>0x26b</size>
         <input_file_ref idref="fl-2"/>
      </object_component>
      <object_component id="oc-b2">
         <name>.debug_info</name>
         <load_address>0xe10</load_address>
         <run_address>0xe10</run_address>
         <size>0x8b</size>
         <input_file_ref idref="fl-2"/>
      </object_component>
      <object_component id="oc-ad">
         <name>.debug_info</name>
         <load_address>0xe9b</load_address>
         <run_address>0xe9b</run_address>
         <size>0x2a4</size>
         <input_file_ref idref="fl-2"/>
      </object_component>
      <object_component id="oc-199">
         <name>.debug_info</name>
         <load_address>0x113f</load_address>
         <run_address>0x113f</run_address>
         <size>0xef</size>
         <input_file_ref idref="fl-2"/>
      </object_component>
      <object_component id="oc-75">
         <name>.debug_info</name>
         <load_address>0x122e</load_address>
         <run_address>0x122e</run_address>
         <size>0xbb</size>
         <input_file_ref idref="fl-2"/>
      </object_component>
      <object_component id="oc-148">
         <name>.debug_info</name>
         <load_address>0x12e9</load_address>
         <run_address>0x12e9</run_address>
         <size>0x2c</size>
         <input_file_ref idref="fl-2"/>
      </object_component>
      <object_component id="oc-14d">
         <name>.debug_info</name>
         <load_address>0x1315</load_address>
         <run_address>0x1315</run_address>
         <size>0x1a2</size>
         <input_file_ref idref="fl-2"/>
      </object_component>
      <object_component id="oc-213">
         <name>.debug_info</name>
         <load_address>0x14b7</load_address>
         <run_address>0x14b7</run_address>
         <size>0x2c</size>
         <input_file_ref idref="fl-2"/>
      </object_component>
      <object_component id="oc-fb">
         <name>.debug_info</name>
         <load_address>0x14e3</load_address>
         <run_address>0x14e3</run_address>
         <size>0x9c4</size>
         <input_file_ref idref="fl-3"/>
      </object_component>
      <object_component id="oc-1dd">
         <name>.debug_info</name>
         <load_address>0x1ea7</load_address>
         <run_address>0x1ea7</run_address>
         <size>0xff</size>
         <input_file_ref idref="fl-3"/>
      </object_component>
      <object_component id="oc-1e0">
         <name>.debug_info</name>
         <load_address>0x1fa6</load_address>
         <run_address>0x1fa6</run_address>
         <size>0x110</size>
         <input_file_ref idref="fl-3"/>
      </object_component>
      <object_component id="oc-1e3">
         <name>.debug_info</name>
         <load_address>0x20b6</load_address>
         <run_address>0x20b6</run_address>
         <size>0x10c</size>
         <input_file_ref idref="fl-3"/>
      </object_component>
      <object_component id="oc-1e6">
         <name>.debug_info</name>
         <load_address>0x21c2</load_address>
         <run_address>0x21c2</run_address>
         <size>0x29c</size>
         <input_file_ref idref="fl-3"/>
      </object_component>
      <object_component id="oc-208">
         <name>.debug_info</name>
         <load_address>0x245e</load_address>
         <run_address>0x245e</run_address>
         <size>0xfe</size>
         <input_file_ref idref="fl-3"/>
      </object_component>
      <object_component id="oc-1f6">
         <name>.debug_info</name>
         <load_address>0x255c</load_address>
         <run_address>0x255c</run_address>
         <size>0xff</size>
         <input_file_ref idref="fl-3"/>
      </object_component>
      <object_component id="oc-1f9">
         <name>.debug_info</name>
         <load_address>0x265b</load_address>
         <run_address>0x265b</run_address>
         <size>0xff</size>
         <input_file_ref idref="fl-3"/>
      </object_component>
      <object_component id="oc-1fc">
         <name>.debug_info</name>
         <load_address>0x275a</load_address>
         <run_address>0x275a</run_address>
         <size>0xff</size>
         <input_file_ref idref="fl-3"/>
      </object_component>
      <object_component id="oc-1ff">
         <name>.debug_info</name>
         <load_address>0x2859</load_address>
         <run_address>0x2859</run_address>
         <size>0xff</size>
         <input_file_ref idref="fl-3"/>
      </object_component>
      <object_component id="oc-202">
         <name>.debug_info</name>
         <load_address>0x2958</load_address>
         <run_address>0x2958</run_address>
         <size>0xff</size>
         <input_file_ref idref="fl-3"/>
      </object_component>
      <object_component id="oc-205">
         <name>.debug_info</name>
         <load_address>0x2a57</load_address>
         <run_address>0x2a57</run_address>
         <size>0xff</size>
         <input_file_ref idref="fl-3"/>
      </object_component>
      <object_component id="oc-102">
         <name>.debug_info</name>
         <load_address>0x2b56</load_address>
         <run_address>0x2b56</run_address>
         <size>0x2978</size>
         <input_file_ref idref="fl-3"/>
      </object_component>
      <object_component id="oc-1cd">
         <name>.debug_info</name>
         <load_address>0x54ce</load_address>
         <run_address>0x54ce</run_address>
         <size>0x196</size>
         <input_file_ref idref="fl-3"/>
      </object_component>
      <object_component id="oc-1d2">
         <name>.debug_info</name>
         <load_address>0x5664</load_address>
         <run_address>0x5664</run_address>
         <size>0x35</size>
         <input_file_ref idref="fl-3"/>
      </object_component>
      <object_component id="oc-2f">
         <name>.debug_info</name>
         <load_address>0x5699</load_address>
         <run_address>0x5699</run_address>
         <size>0x2dc</size>
         <input_file_ref idref="fl-4"/>
      </object_component>
      <object_component id="oc-13">
         <name>.debug_info</name>
         <load_address>0x5975</load_address>
         <run_address>0x5975</run_address>
         <size>0x11b</size>
         <input_file_ref idref="fl-4"/>
      </object_component>
      <object_component id="oc-2a">
         <name>.debug_info</name>
         <load_address>0x5a90</load_address>
         <run_address>0x5a90</run_address>
         <size>0x2a2</size>
         <input_file_ref idref="fl-4"/>
      </object_component>
      <object_component id="oc-36">
         <name>.debug_info</name>
         <load_address>0x5d32</load_address>
         <run_address>0x5d32</run_address>
         <size>0x84</size>
         <input_file_ref idref="fl-4"/>
      </object_component>
      <object_component id="oc-1b5">
         <name>.debug_info</name>
         <load_address>0x5db6</load_address>
         <run_address>0x5db6</run_address>
         <size>0x17b</size>
         <input_file_ref idref="fl-5"/>
      </object_component>
      <object_component id="oc-2aa">
         <name>.debug_info</name>
         <load_address>0x5f31</load_address>
         <run_address>0x5f31</run_address>
         <size>0x37c</size>
         <input_file_ref idref="fl-6"/>
      </object_component>
      <object_component id="oc-1c8">
         <name>.debug_info</name>
         <load_address>0x62ad</load_address>
         <run_address>0x62ad</run_address>
         <size>0x109</size>
         <input_file_ref idref="fl-6"/>
      </object_component>
      <object_component id="oc-f5">
         <name>.debug_info</name>
         <load_address>0x63b6</load_address>
         <run_address>0x63b6</run_address>
         <size>0x406</size>
         <input_file_ref idref="fl-6"/>
      </object_component>
      <object_component id="oc-354">
         <name>.debug_info</name>
         <load_address>0x67bc</load_address>
         <run_address>0x67bc</run_address>
         <size>0xb8</size>
         <input_file_ref idref="fl-6"/>
      </object_component>
      <object_component id="oc-1ab">
         <name>.debug_info</name>
         <load_address>0x6874</load_address>
         <run_address>0x6874</run_address>
         <size>0x5ac</size>
         <input_file_ref idref="fl-7"/>
      </object_component>
      <object_component id="oc-1ba">
         <name>.debug_info</name>
         <load_address>0x6e20</load_address>
         <run_address>0x6e20</run_address>
         <size>0x12b</size>
         <input_file_ref idref="fl-7"/>
      </object_component>
      <object_component id="oc-1c3">
         <name>.debug_info</name>
         <load_address>0x6f4b</load_address>
         <run_address>0x6f4b</run_address>
         <size>0x11d</size>
         <input_file_ref idref="fl-7"/>
      </object_component>
      <object_component id="oc-1b2">
         <name>.debug_info</name>
         <load_address>0x7068</load_address>
         <run_address>0x7068</run_address>
         <size>0x12d</size>
         <input_file_ref idref="fl-7"/>
      </object_component>
      <object_component id="oc-1af">
         <name>.debug_info</name>
         <load_address>0x7195</load_address>
         <run_address>0x7195</run_address>
         <size>0x153</size>
         <input_file_ref idref="fl-7"/>
      </object_component>
      <object_component id="oc-1c0">
         <name>.debug_info</name>
         <load_address>0x72e8</load_address>
         <run_address>0x72e8</run_address>
         <size>0x11f</size>
         <input_file_ref idref="fl-7"/>
      </object_component>
      <object_component id="oc-e9">
         <name>.debug_info</name>
         <load_address>0x7407</load_address>
         <run_address>0x7407</run_address>
         <size>0xe7b</size>
         <input_file_ref idref="fl-7"/>
      </object_component>
      <object_component id="oc-1a7">
         <name>.debug_info</name>
         <load_address>0x8282</load_address>
         <run_address>0x8282</run_address>
         <size>0x177</size>
         <input_file_ref idref="fl-8"/>
      </object_component>
      <object_component id="oc-1bd">
         <name>.debug_info</name>
         <load_address>0x83f9</load_address>
         <run_address>0x83f9</run_address>
         <size>0x39d</size>
         <input_file_ref idref="fl-9"/>
      </object_component>
      <object_component id="oc-ef">
         <name>.debug_info</name>
         <load_address>0x8796</load_address>
         <run_address>0x8796</run_address>
         <size>0x41c</size>
         <input_file_ref idref="fl-9"/>
      </object_component>
      <object_component id="oc-2c1">
         <name>.debug_info</name>
         <load_address>0x8bb2</load_address>
         <run_address>0x8bb2</run_address>
         <size>0x3b3</size>
         <input_file_ref idref="fl-f"/>
      </object_component>
      <object_component id="oc-2bb">
         <name>.debug_info</name>
         <load_address>0x8f65</load_address>
         <run_address>0x8f65</run_address>
         <size>0x1bf</size>
         <input_file_ref idref="fl-f"/>
      </object_component>
      <object_component id="oc-2be">
         <name>.debug_info</name>
         <load_address>0x9124</load_address>
         <run_address>0x9124</run_address>
         <size>0x111</size>
         <input_file_ref idref="fl-f"/>
      </object_component>
      <object_component id="oc-1e9">
         <name>.debug_info</name>
         <load_address>0x9235</load_address>
         <run_address>0x9235</run_address>
         <size>0x2d32</size>
         <input_file_ref idref="fl-f"/>
      </object_component>
      <object_component id="oc-2dd">
         <name>.debug_info</name>
         <load_address>0xbf67</load_address>
         <run_address>0xbf67</run_address>
         <size>0x398</size>
         <input_file_ref idref="fl-10"/>
      </object_component>
      <object_component id="oc-2da">
         <name>.debug_info</name>
         <load_address>0xc2ff</load_address>
         <run_address>0xc2ff</run_address>
         <size>0x110</size>
         <input_file_ref idref="fl-10"/>
      </object_component>
      <object_component id="oc-2d7">
         <name>.debug_info</name>
         <load_address>0xc40f</load_address>
         <run_address>0xc40f</run_address>
         <size>0x11b</size>
         <input_file_ref idref="fl-10"/>
      </object_component>
      <object_component id="oc-1f1">
         <name>.debug_info</name>
         <load_address>0xc52a</load_address>
         <run_address>0xc52a</run_address>
         <size>0x4f7</size>
         <input_file_ref idref="fl-10"/>
      </object_component>
      <object_component id="oc-cb">
         <name>.debug_info</name>
         <load_address>0xca21</load_address>
         <run_address>0xca21</run_address>
         <size>0x1816</size>
         <input_file_ref idref="fl-17"/>
      </object_component>
      <object_component id="oc-d6">
         <name>.debug_info</name>
         <load_address>0xe237</load_address>
         <run_address>0xe237</run_address>
         <size>0x2d9</size>
         <input_file_ref idref="fl-18"/>
      </object_component>
      <object_component id="oc-268">
         <name>.debug_info</name>
         <load_address>0xe510</load_address>
         <run_address>0xe510</run_address>
         <size>0x53d</size>
         <input_file_ref idref="fl-1a"/>
      </object_component>
      <object_component id="oc-173">
         <name>.debug_info</name>
         <load_address>0xea4d</load_address>
         <run_address>0xea4d</run_address>
         <size>0xa3f</size>
         <input_file_ref idref="fl-1a"/>
      </object_component>
      <object_component id="oc-17f">
         <name>.debug_info</name>
         <load_address>0xf48c</load_address>
         <run_address>0xf48c</run_address>
         <size>0x609</size>
         <input_file_ref idref="fl-1b"/>
      </object_component>
      <object_component id="oc-dc">
         <name>.debug_info</name>
         <load_address>0xfa95</load_address>
         <run_address>0xfa95</run_address>
         <size>0x69c</size>
         <input_file_ref idref="fl-1b"/>
      </object_component>
      <object_component id="oc-24a">
         <name>.debug_info</name>
         <load_address>0x10131</load_address>
         <run_address>0x10131</run_address>
         <size>0x4c5</size>
         <input_file_ref idref="fl-1d"/>
      </object_component>
      <object_component id="oc-160">
         <name>.debug_info</name>
         <load_address>0x105f6</load_address>
         <run_address>0x105f6</run_address>
         <size>0x719</size>
         <input_file_ref idref="fl-1d"/>
      </object_component>
      <object_component id="oc-d0">
         <name>.debug_info</name>
         <load_address>0x10d0f</load_address>
         <run_address>0x10d0f</run_address>
         <size>0x41f</size>
         <input_file_ref idref="fl-1e"/>
      </object_component>
      <object_component id="oc-26d">
         <name>.debug_info</name>
         <load_address>0x1112e</load_address>
         <run_address>0x1112e</run_address>
         <size>0x362</size>
         <input_file_ref idref="fl-1f"/>
      </object_component>
      <object_component id="oc-26a">
         <name>.debug_info</name>
         <load_address>0x11490</load_address>
         <run_address>0x11490</run_address>
         <size>0x123</size>
         <input_file_ref idref="fl-1f"/>
      </object_component>
      <object_component id="oc-17a">
         <name>.debug_info</name>
         <load_address>0x115b3</load_address>
         <run_address>0x115b3</run_address>
         <size>0x2b77</size>
         <input_file_ref idref="fl-1f"/>
      </object_component>
      <object_component id="oc-18b">
         <name>.debug_info</name>
         <load_address>0x1412a</load_address>
         <run_address>0x1412a</run_address>
         <size>0x368</size>
         <input_file_ref idref="fl-23"/>
      </object_component>
      <object_component id="oc-242">
         <name>.debug_info</name>
         <load_address>0x14492</load_address>
         <run_address>0x14492</run_address>
         <size>0x38c</size>
         <input_file_ref idref="fl-2c"/>
      </object_component>
      <object_component id="oc-239">
         <name>.debug_info</name>
         <load_address>0x1481e</load_address>
         <run_address>0x1481e</run_address>
         <size>0x12c</size>
         <input_file_ref idref="fl-2c"/>
      </object_component>
      <object_component id="oc-23c">
         <name>.debug_info</name>
         <load_address>0x1494a</load_address>
         <run_address>0x1494a</run_address>
         <size>0x12e</size>
         <input_file_ref idref="fl-2c"/>
      </object_component>
      <object_component id="oc-23f">
         <name>.debug_info</name>
         <load_address>0x14a78</load_address>
         <run_address>0x14a78</run_address>
         <size>0x120</size>
         <input_file_ref idref="fl-2c"/>
      </object_component>
      <object_component id="oc-15a">
         <name>.debug_info</name>
         <load_address>0x14b98</load_address>
         <run_address>0x14b98</run_address>
         <size>0x3215</size>
         <input_file_ref idref="fl-2c"/>
      </object_component>
      <object_component id="oc-339">
         <name>.debug_info</name>
         <load_address>0x17dad</load_address>
         <run_address>0x17dad</run_address>
         <size>0x37d</size>
         <input_file_ref idref="fl-2e"/>
      </object_component>
      <object_component id="oc-333">
         <name>.debug_info</name>
         <load_address>0x1812a</load_address>
         <run_address>0x1812a</run_address>
         <size>0x119</size>
         <input_file_ref idref="fl-2e"/>
      </object_component>
      <object_component id="oc-336">
         <name>.debug_info</name>
         <load_address>0x18243</load_address>
         <run_address>0x18243</run_address>
         <size>0x12b</size>
         <input_file_ref idref="fl-2e"/>
      </object_component>
      <object_component id="oc-264">
         <name>.debug_info</name>
         <load_address>0x1836e</load_address>
         <run_address>0x1836e</run_address>
         <size>0x2b85</size>
         <input_file_ref idref="fl-2e"/>
      </object_component>
      <object_component id="oc-288">
         <name>.debug_info</name>
         <load_address>0x1aef3</load_address>
         <run_address>0x1aef3</run_address>
         <size>0x369</size>
         <input_file_ref idref="fl-2f"/>
      </object_component>
      <object_component id="oc-276">
         <name>.debug_info</name>
         <load_address>0x1b25c</load_address>
         <run_address>0x1b25c</run_address>
         <size>0x11b</size>
         <input_file_ref idref="fl-2f"/>
      </object_component>
      <object_component id="oc-279">
         <name>.debug_info</name>
         <load_address>0x1b377</load_address>
         <run_address>0x1b377</run_address>
         <size>0x113</size>
         <input_file_ref idref="fl-2f"/>
      </object_component>
      <object_component id="oc-27c">
         <name>.debug_info</name>
         <load_address>0x1b48a</load_address>
         <run_address>0x1b48a</run_address>
         <size>0x117</size>
         <input_file_ref idref="fl-2f"/>
      </object_component>
      <object_component id="oc-27f">
         <name>.debug_info</name>
         <load_address>0x1b5a1</load_address>
         <run_address>0x1b5a1</run_address>
         <size>0x11d</size>
         <input_file_ref idref="fl-2f"/>
      </object_component>
      <object_component id="oc-282">
         <name>.debug_info</name>
         <load_address>0x1b6be</load_address>
         <run_address>0x1b6be</run_address>
         <size>0x11b</size>
         <input_file_ref idref="fl-2f"/>
      </object_component>
      <object_component id="oc-285">
         <name>.debug_info</name>
         <load_address>0x1b7d9</load_address>
         <run_address>0x1b7d9</run_address>
         <size>0x11f</size>
         <input_file_ref idref="fl-2f"/>
      </object_component>
      <object_component id="oc-273">
         <name>.debug_info</name>
         <load_address>0x1b8f8</load_address>
         <run_address>0x1b8f8</run_address>
         <size>0x11c</size>
         <input_file_ref idref="fl-2f"/>
      </object_component>
      <object_component id="oc-184">
         <name>.debug_info</name>
         <load_address>0x1ba14</load_address>
         <run_address>0x1ba14</run_address>
         <size>0xd1c</size>
         <input_file_ref idref="fl-2f"/>
      </object_component>
      <object_component id="oc-31e">
         <name>.debug_info</name>
         <load_address>0x1c730</load_address>
         <run_address>0x1c730</run_address>
         <size>0x36d</size>
         <input_file_ref idref="fl-36"/>
      </object_component>
      <object_component id="oc-318">
         <name>.debug_info</name>
         <load_address>0x1ca9d</load_address>
         <run_address>0x1ca9d</run_address>
         <size>0x119</size>
         <input_file_ref idref="fl-36"/>
      </object_component>
      <object_component id="oc-31b">
         <name>.debug_info</name>
         <load_address>0x1cbb6</load_address>
         <run_address>0x1cbb6</run_address>
         <size>0x12b</size>
         <input_file_ref idref="fl-36"/>
      </object_component>
      <object_component id="oc-247">
         <name>.debug_info</name>
         <load_address>0x1cce1</load_address>
         <run_address>0x1cce1</run_address>
         <size>0x1694</size>
         <input_file_ref idref="fl-36"/>
      </object_component>
      <object_component id="oc-19e">
         <name>.debug_info</name>
         <load_address>0x1e375</load_address>
         <run_address>0x1e375</run_address>
         <size>0x3ee</size>
         <input_file_ref idref="fl-38"/>
      </object_component>
      <object_component id="oc-190">
         <name>.debug_info</name>
         <load_address>0x1e763</load_address>
         <run_address>0x1e763</run_address>
         <size>0x112</size>
         <input_file_ref idref="fl-38"/>
      </object_component>
      <object_component id="oc-196">
         <name>.debug_info</name>
         <load_address>0x1e875</load_address>
         <run_address>0x1e875</run_address>
         <size>0x11e</size>
         <input_file_ref idref="fl-38"/>
      </object_component>
      <object_component id="oc-181">
         <name>.debug_info</name>
         <load_address>0x1e993</load_address>
         <run_address>0x1e993</run_address>
         <size>0x118</size>
         <input_file_ref idref="fl-38"/>
      </object_component>
      <object_component id="oc-193">
         <name>.debug_info</name>
         <load_address>0x1eaab</load_address>
         <run_address>0x1eaab</run_address>
         <size>0x125</size>
         <input_file_ref idref="fl-38"/>
      </object_component>
      <object_component id="oc-e2">
         <name>.debug_info</name>
         <load_address>0x1ebd0</load_address>
         <run_address>0x1ebd0</run_address>
         <size>0x2b62</size>
         <input_file_ref idref="fl-38"/>
      </object_component>
      <object_component id="oc-292">
         <name>.debug_info</name>
         <load_address>0x21732</load_address>
         <run_address>0x21732</run_address>
         <size>0x51</size>
         <input_file_ref idref="fl-38"/>
      </object_component>
      <object_component id="oc-297">
         <name>.debug_info</name>
         <load_address>0x21783</load_address>
         <run_address>0x21783</run_address>
         <size>0x2f8</size>
         <input_file_ref idref="fl-3a"/>
      </object_component>
      <object_component id="oc-1a2">
         <name>.debug_info</name>
         <load_address>0x21a7b</load_address>
         <run_address>0x21a7b</run_address>
         <size>0x571</size>
         <input_file_ref idref="fl-3a"/>
      </object_component>
      <object_component id="oc-252">
         <name>.debug_info</name>
         <load_address>0x21fec</load_address>
         <run_address>0x21fec</run_address>
         <size>0x36e</size>
         <input_file_ref idref="fl-3c"/>
      </object_component>
      <object_component id="oc-24c">
         <name>.debug_info</name>
         <load_address>0x2235a</load_address>
         <run_address>0x2235a</run_address>
         <size>0x11c</size>
         <input_file_ref idref="fl-3c"/>
      </object_component>
      <object_component id="oc-24f">
         <name>.debug_info</name>
         <load_address>0x22476</load_address>
         <run_address>0x22476</run_address>
         <size>0x12e</size>
         <input_file_ref idref="fl-3c"/>
      </object_component>
      <object_component id="oc-168">
         <name>.debug_info</name>
         <load_address>0x225a4</load_address>
         <run_address>0x225a4</run_address>
         <size>0x272e</size>
         <input_file_ref idref="fl-3c"/>
      </object_component>
      <object_component id="oc-260">
         <name>.debug_info</name>
         <load_address>0x24cd2</load_address>
         <run_address>0x24cd2</run_address>
         <size>0x41a</size>
         <input_file_ref idref="fl-3d"/>
      </object_component>
      <object_component id="oc-257">
         <name>.debug_info</name>
         <load_address>0x250ec</load_address>
         <run_address>0x250ec</run_address>
         <size>0x111</size>
         <input_file_ref idref="fl-3d"/>
      </object_component>
      <object_component id="oc-25d">
         <name>.debug_info</name>
         <load_address>0x251fd</load_address>
         <run_address>0x251fd</run_address>
         <size>0x10b</size>
         <input_file_ref idref="fl-3d"/>
      </object_component>
      <object_component id="oc-25a">
         <name>.debug_info</name>
         <load_address>0x25308</load_address>
         <run_address>0x25308</run_address>
         <size>0x119</size>
         <input_file_ref idref="fl-3d"/>
      </object_component>
      <object_component id="oc-254">
         <name>.debug_info</name>
         <load_address>0x25421</load_address>
         <run_address>0x25421</run_address>
         <size>0x11d</size>
         <input_file_ref idref="fl-3d"/>
      </object_component>
      <object_component id="oc-16c">
         <name>.debug_info</name>
         <load_address>0x2553e</load_address>
         <run_address>0x2553e</run_address>
         <size>0x832</size>
         <input_file_ref idref="fl-3d"/>
      </object_component>
      <object_component id="oc-2cf">
         <name>.debug_info</name>
         <load_address>0x25d70</load_address>
         <run_address>0x25d70</run_address>
         <size>0x14c</size>
         <input_file_ref idref="fl-108"/>
      </object_component>
      <object_component id="oc-2ca">
         <name>.debug_info</name>
         <load_address>0x25ebc</load_address>
         <run_address>0x25ebc</run_address>
         <size>0x13a</size>
         <input_file_ref idref="fl-10b"/>
      </object_component>
      <object_component id="oc-2d2">
         <name>.debug_info</name>
         <load_address>0x25ff6</load_address>
         <run_address>0x25ff6</run_address>
         <size>0x12e</size>
         <input_file_ref idref="fl-10c"/>
      </object_component>
      <object_component id="oc-3c">
         <name>.debug_info</name>
         <load_address>0x26124</load_address>
         <run_address>0x26124</run_address>
[...]
      </symbol>
      <symbol id="sm-a98">
         <name>SysCtlLDOSleepSet</name>
         <value>0x3cc5</value>
         <object_component_ref idref="oc-e1"/>
      </symbol>
      <symbol id="sm-a99">
         <name>SysCtlMOSCConfigSet</name>
         <value>0x3d5b</value>
         <object_component_ref idref="oc-e1"/>
      </symbol>
      <symbol id="sm-a9a">
         <name>SysCtlPeripheralEnable</name>
         <value>0x3a59</value>
         <object_component_ref idref="oc-e1"/>
      </symbol>
      <symbol id="sm-a9b">
         <name>SysCtlIntEnable</name>
         <value>0x3c6d</value>
         <object_component_ref idref="oc-e1"/>
      </symbol>
      <symbol id="sm-a9c">
         <name>SysCtlNMIClear</name>
         <value>0x46c1</value>
         <object_component_ref idref="oc-e1"/>
      </symbol>
      <symbol id="sm-a9d">
         <name>SysCtlPeripheralPowerOff</name>
         <value>0x3995</value>
         <object_component_ref idref="oc-e1"/>
      </symbol>
      <symbol id="sm-a9e">
         <name>SysCtlSleepPowerSet</name>
         <value>0x3cf1</value>
         <object_component_ref idref="oc-e1"/>
      </symbol>
      <symbol id="sm-a9f">
         <name>SysCtlDeepSleep</name>
         <value>0x3d25</value>
         <object_component_ref idref="oc-e1"/>
      </symbol>
      <symbol id="sm-aa0">
         <name>SysCtlLDODeepSleepSet</name>
         <value>0x3cdb</value>
         <object_component_ref idref="oc-e1"/>
      </symbol>
      <symbol id="sm-aa1">
         <name>SysCtlPeripheralPowerOn</name>
         <value>0x3959</value>
         <object_component_ref idref="oc-e1"/>
      </symbol>
      <symbol id="sm-aa2">
         <name>SysCtlPeripheralDeepSleepDisable</name>
         <value>0x3ba9</value>
         <object_component_ref idref="oc-e1"/>
      </symbol>
      <symbol id="sm-aa3">
         <name>SysCtlPeripheralSleepDisable</name>
         <value>0x3b1d</value>
         <object_component_ref idref="oc-e1"/>
      </symbol>
      <symbol id="sm-aa4">
         <name>SysCtlVCOGet</name>
         <value>0x45f1</value>
         <object_component_ref idref="oc-e1"/>
      </symbol>
      <symbol id="sm-aa5">
         <name>SysCtlResetBehaviorSet</name>
         <value>0x3dc1</value>
         <object_component_ref idref="oc-e1"/>
      </symbol>
      <symbol id="sm-aa6">
         <name>SysCtlReset</name>
         <value>0x3d15</value>
         <object_component_ref idref="oc-e1"/>
      </symbol>
      <symbol id="sm-aa7">
         <name>SysCtlGPIOAHBDisable</name>
         <value>0x4583</value>
         <object_component_ref idref="oc-e1"/>
      </symbol>
      <symbol id="sm-aa8">
         <name>SysCtlSRAMSizeGet</name>
         <value>0x387d</value>
         <object_component_ref idref="oc-e1"/>
      </symbol>
      <symbol id="sm-aa9">
         <name>SysCtlClockGet</name>
         <value>0x42e9</value>
         <object_component_ref idref="oc-e1"/>
      </symbol>
      <symbol id="sm-aaa">
         <name>SysCtlPeripheralDisable</name>
         <value>0x3a95</value>
         <object_component_ref idref="oc-e1"/>
      </symbol>
      <symbol id="sm-aab">
         <name>SysCtlPWMClockSet</name>
         <value>0x4537</value>
         <object_component_ref idref="oc-e1"/>
      </symbol>
      <symbol id="sm-aac">
         <name>SysCtlUSBPLLEnable</name>
         <value>0x459f</value>
         <object_component_ref idref="oc-e1"/>
      </symbol>
      <symbol id="sm-aad">
         <name>SysCtlPeripheralSleepEnable</name>
         <value>0x3ad9</value>
         <object_component_ref idref="oc-e1"/>
      </symbol>
      <symbol id="sm-aae">
         <name>SysCtlIntUnregister</name>
         <value>0x3c5d</value>
         <object_component_ref idref="oc-e1"/>
      </symbol>
      <symbol id="sm-aaf">
         <name>SysCtlUSBPLLDisable</name>
         <value>0x45ab</value>
         <object_component_ref idref="oc-e1"/>
      </symbol>
      <symbol id="sm-ab0">
         <name>SysCtlPeripheralReady</name>
         <value>0x3919</value>
         <object_component_ref idref="oc-e1"/>
      </symbol>
      <symbol id="sm-ab1">
         <name>SysCtlPIOSCCalibrate</name>
         <value>0x3d71</value>
         <object_component_ref idref="oc-e1"/>
      </symbol>
      <symbol id="sm-ab2">
         <name>SysCtlResetCauseClear</name>
         <value>0x3d47</value>
         <object_component_ref idref="oc-e1"/>
      </symbol>
      <symbol id="sm-ab3">
         <name>SysCtlLDOSleepGet</name>
         <value>0x3cd5</value>
         <object_component_ref idref="oc-e1"/>
      </symbol>
      <symbol id="sm-ab4">
         <name>SysCtlClockFreqSet</name>
         <value>0x3e21</value>
         <object_component_ref idref="oc-e1"/>
      </symbol>
      <symbol id="sm-ab5">
         <name>SysCtlPeripheralReset</name>
         <value>0x39d1</value>
         <object_component_ref idref="oc-e1"/>
      </symbol>
      <symbol id="sm-acf">
         <name>SysTickIntDisable</name>
         <value>0x91ad</value>
         <object_component_ref idref="oc-19f"/>
      </symbol>
      <symbol id="sm-ad0">
         <name>SysTickEnable</name>
         <value>0x915d</value>
         <object_component_ref idref="oc-19f"/>
      </symbol>
      <symbol id="sm-ad1">
         <name>SysTickPeriodGet</name>
         <value>0x91cb</value>
         <object_component_ref idref="oc-19f"/>
      </symbol>
      <symbol id="sm-ad2">
         <name>SysTickIntRegister</name>
         <value>0x9175</value>
         <object_component_ref idref="oc-19f"/>
      </symbol>
      <symbol id="sm-ad3">
         <name>SysTickIntEnable</name>
         <value>0x91a1</value>
         <object_component_ref idref="oc-19f"/>
      </symbol>
      <symbol id="sm-ad4">
         <name>SysTickValueGet</name>
         <value>0x91d3</value>
         <object_component_ref idref="oc-19f"/>
      </symbol>
      <symbol id="sm-ad5">
         <name>SysTickIntUnregister</name>
         <value>0x918d</value>
         <object_component_ref idref="oc-19f"/>
      </symbol>
      <symbol id="sm-ad6">
         <name>SysTickPeriodSet</name>
         <value>0x91b9</value>
         <object_component_ref idref="oc-19f"/>
      </symbol>
      <symbol id="sm-ad7">
         <name>SysTickDisable</name>
         <value>0x9169</value>
         <object_component_ref idref="oc-19f"/>
      </symbol>
      <symbol id="sm-b4b">
         <name>UARTClockSourceGet</name>
         <value>0x7623</value>
         <object_component_ref idref="oc-164"/>
      </symbol>
      <symbol id="sm-b4c">
         <name>UARTCharPutNonBlocking</name>
         <value>0x7495</value>
         <object_component_ref idref="oc-164"/>
      </symbol>
      <symbol id="sm-b4d">
         <name>UARTDMAEnable</name>
         <value>0x75bd</value>
         <object_component_ref idref="oc-164"/>
      </symbol>
      <symbol id="sm-b4e">
         <name>UARTTxIntModeSet</name>
         <value>0x73f9</value>
         <object_component_ref idref="oc-164"/>
      </symbol>
      <symbol id="sm-b4f">
         <name>UARTFIFODisable</name>
         <value>0x72a7</value>
         <object_component_ref idref="oc-164"/>
      </symbol>
      <symbol id="sm-b50">
         <name>UARTIntUnregister</name>
         <value>0x753d</value>
         <object_component_ref idref="oc-164"/>
      </symbol>
      <symbol id="sm-b51">
         <name>UARTRxErrorClear</name>
         <value>0x75ff</value>
         <object_component_ref idref="oc-164"/>
      </symbol>
      <symbol id="sm-b52">
         <name>UARTModemControlSet</name>
         <value>0x7349</value>
         <object_component_ref idref="oc-164"/>
      </symbol>
      <symbol id="sm-b53">
         <name>UARTFlowControlSet</name>
         <value>0x73cb</value>
         <object_component_ref idref="oc-164"/>
      </symbol>
      <symbol id="sm-b54">
         <name>UARTConfigSetExpClk</name>
         <value>0x7181</value>
         <object_component_ref idref="oc-164"/>
      </symbol>
      <symbol id="sm-b55">
         <name>UARTSmartCardDisable</name>
         <value>0x7333</value>
         <object_component_ref idref="oc-164"/>
      </symbol>
      <symbol id="sm-b56">
         <name>UARTDisable</name>
         <value>0x7267</value>
         <object_component_ref idref="oc-164"/>
      </symbol>
      <symbol id="sm-b57">
         <name>UART9BitDisable</name>
         <value>0x7649</value>
         <object_component_ref idref="oc-164"/>
      </symbol>
      <symbol id="sm-b58">
         <name>UARTFIFOLevelGet</name>
         <value>0x7159</value>
         <object_component_ref idref="oc-164"/>
      </symbol>
      <symbol id="sm-b59">
         <name>UARTBusy</name>
         <value>0x7501</value>
         <object_component_ref idref="oc-164"/>
      </symbol>
      <symbol id="sm-b5a">
         <name>UARTDisableSIR</name>
         <value>0x72eb</value>
         <object_component_ref idref="oc-164"/>
      </symbol>
      <symbol id="sm-b5b">
         <name>UARTLoopbackEnable</name>
         <value>0x76cd</value>
         <object_component_ref idref="oc-164"/>
      </symbol>
      <symbol id="sm-b5c">
         <name>UARTIntEnable</name>
         <value>0x755d</value>
         <object_component_ref idref="oc-164"/>
      </symbol>
      <symbol id="sm-b5d">
         <name>UARTCharsAvail</name>
         <value>0x7427</value>
         <object_component_ref idref="oc-164"/>
      </symbol>
      <symbol id="sm-b5e">
         <name>UARTCharGetNonBlocking</name>
         <value>0x7463</value>
         <object_component_ref idref="oc-164"/>
      </symbol>
      <symbol id="sm-b5f">
         <name>UARTClockSourceSet</name>
         <value>0x760f</value>
         <object_component_ref idref="oc-164"/>
      </symbol>
      <symbol id="sm-b60">
         <name>UARTTxIntModeGet</name>
         <value>0x7415</value>
         <object_component_ref idref="oc-164"/>
      </symbol>
      <symbol id="sm-b61">
         <name>UARTModemStatusGet</name>
         <value>0x73b7</value>
         <object_component_ref idref="oc-164"/>
      </symbol>
      <symbol id="sm-b62">
         <name>UARTIntDisable</name>
         <value>0x7575</value>
         <object_component_ref idref="oc-164"/>
      </symbol>
      <symbol id="sm-b63">
         <name>UARTCharPut</name>
         <value>0x74b9</value>
         <object_component_ref idref="oc-164"/>
      </symbol>
      <symbol id="sm-b64">
         <name>UARTParityModeSet</name>
         <value>0x7113</value>
         <object_component_ref idref="oc-164"/>
      </symbol>
      <symbol id="sm-b65">
         <name>UARTRxErrorGet</name>
         <value>0x75ed</value>
         <object_component_ref idref="oc-164"/>
      </symbol>
      <symbol id="sm-b66">
         <name>UARTConfigGetExpClk</name>
         <value>0x71f7</value>
         <object_component_ref idref="oc-164"/>
      </symbol>
      <symbol id="sm-b67">
         <name>UARTEnableSIR</name>
         <value>0x72bd</value>
         <object_component_ref idref="oc-164"/>
      </symbol>
      <symbol id="sm-b68">
         <name>UARTEnable</name>
         <value>0x7243</value>
         <object_component_ref idref="oc-164"/>
      </symbol>
      <symbol id="sm-b69">
         <name>UART9BitAddrSend</name>
         <value>0x7685</value>
         <object_component_ref idref="oc-164"/>
      </symbol>
      <symbol id="sm-b6a">
         <name>UARTModemControlGet</name>
         <value>0x73a5</value>
         <object_component_ref idref="oc-164"/>
      </symbol>
      <symbol id="sm-b6b">
         <name>UARTSmartCardEnable</name>
         <value>0x7301</value>
         <object_component_ref idref="oc-164"/>
      </symbol>
      <symbol id="sm-b6c">
         <name>UARTFlowControlGet</name>
         <value>0x73e7</value>
         <object_component_ref idref="oc-164"/>
      </symbol>
      <symbol id="sm-b6d">
         <name>UARTFIFOEnable</name>
         <value>0x7291</value>
         <object_component_ref idref="oc-164"/>
      </symbol>
      <symbol id="sm-b6e">
         <name>UARTIntClear</name>
         <value>0x75ab</value>
         <object_component_ref idref="oc-164"/>
      </symbol>
      <symbol id="sm-b6f">
         <name>UARTIntStatus</name>
         <value>0x758d</value>
         <object_component_ref idref="oc-164"/>
      </symbol>
      <symbol id="sm-b70">
         <name>UARTDMADisable</name>
         <value>0x75d5</value>
         <object_component_ref idref="oc-164"/>
      </symbol>
      <symbol id="sm-b71">
         <name>UART9BitEnable</name>
         <value>0x7633</value>
         <object_component_ref idref="oc-164"/>
      </symbol>
      <symbol id="sm-b72">
         <name>UARTSpaceAvail</name>
         <value>0x7445</value>
         <object_component_ref idref="oc-164"/>
      </symbol>
      <symbol id="sm-b73">
         <name>UARTCharGet</name>
         <value>0x747f</value>
         <object_component_ref idref="oc-164"/>
      </symbol>
      <symbol id="sm-b74">
         <name>UARTFIFOLevelSet</name>
         <value>0x7141</value>
         <object_component_ref idref="oc-164"/>
      </symbol>
      <symbol id="sm-b75">
         <name>UARTModemControlClear</name>
         <value>0x7381</value>
         <object_component_ref idref="oc-164"/>
      </symbol>
      <symbol id="sm-b76">
         <name>UARTParityModeGet</name>
         <value>0x712f</value>
         <object_component_ref idref="oc-164"/>
      </symbol>
      <symbol id="sm-b77">
         <name>UARTIntRegister</name>
         <value>0x751f</value>
         <object_component_ref idref="oc-164"/>
      </symbol>
      <symbol id="sm-b78">
         <name>UARTBreakCtl</name>
         <value>0x74d7</value>
         <object_component_ref idref="oc-164"/>
      </symbol>
      <symbol id="sm-b79">
         <name>UART9BitAddrSet</name>
         <value>0x765f</value>
         <object_component_ref idref="oc-164"/>
      </symbol>
      <symbol id="sm-be9">
         <name>UARTgetc</name>
         <value>0x7835</value>
         <object_component_ref idref="oc-16a"/>
      </symbol>
      <symbol id="sm-bea">
         <name>UARTgets</name>
         <value>0x777b</value>
         <object_component_ref idref="oc-16a"/>
      </symbol>
      <symbol id="sm-beb">
         <name>UARTStdioConfig</name>
         <value>0x76e5</value>
         <object_component_ref idref="oc-16a"/>
      </symbol>
      <symbol id="sm-bec">
         <name>UARTwrite</name>
         <value>0x772b</value>
         <object_component_ref idref="oc-16a"/>
      </symbol>
      <symbol id="sm-bed">
         <name>UARTprintf</name>
         <value>0x7b57</value>
         <object_component_ref idref="oc-16a"/>
      </symbol>
      <symbol id="sm-bee">
         <name>UARTvprintf</name>
         <value>0x785d</value>
         <object_component_ref idref="oc-16a"/>
      </symbol>
      <symbol id="sm-c12">
         <name>__aeabi_dsub</name>
         <value>0x8919</value>
         <object_component_ref idref="oc-2cc"/>
      </symbol>
      <symbol id="sm-c13">
         <name>__aeabi_dadd</name>
         <value>0x8923</value>
         <object_component_ref idref="oc-2cc"/>
      </symbol>
      <symbol id="sm-c20">
         <name>__aeabi_dmul</name>
         <value>0x8c5d</value>
         <object_component_ref idref="oc-2c7"/>
      </symbol>
      <symbol id="sm-c2a">
         <name>__aeabi_d2iz</name>
         <value>0x9375</value>
         <object_component_ref idref="oc-2d1"/>
      </symbol>
      <symbol id="sm-c48">
         <name>memcpy</name>
         <value>0x90c1</value>
         <object_component_ref idref="oc-3b"/>
      </symbol>
      <symbol id="sm-c49">
         <name>__aeabi_memcpy</name>
         <value>0x90c1</value>
         <object_component_ref idref="oc-3b"/>
      </symbol>
      <symbol id="sm-c4a">
         <name>__aeabi_memcpy8</name>
         <value>0x90c1</value>
         <object_component_ref idref="oc-3b"/>
      </symbol>
      <symbol id="sm-c4b">
         <name>__aeabi_memcpy4</name>
         <value>0x90c1</value>
         <object_component_ref idref="oc-3b"/>
      </symbol>
      <symbol id="sm-c55">
         <name>__aeabi_ui2d</name>
         <value>0x94e9</value>
         <object_component_ref idref="oc-2c2"/>
      </symbol>
      <symbol id="sm-c64">
         <name>__aeabi_uidivmod</name>
         <value>0x9401</value>
         <object_component_ref idref="oc-1d7"/>
      </symbol>
      <symbol id="sm-c65">
         <name>__aeabi_uidiv</name>
         <value>0x9401</value>
         <object_component_ref idref="oc-1d7"/>
      </symbol>
      <symbol id="sm-c74">
         <name>__aeabi_memset</name>
         <value>0x91e7</value>
         <object_component_ref idref="oc-8f"/>
      </symbol>
      <symbol id="sm-c75">
         <name>memset</name>
         <value>0x91ed</value>
         <object_component_ref idref="oc-8f"/>
      </symbol>
      <symbol id="sm-c76">
         <name>__aeabi_memset8</name>
         <value>0x91e7</value>
         <object_component_ref idref="oc-8f"/>
      </symbol>
      <symbol id="sm-c77">
         <name>__aeabi_memset4</name>
         <value>0x91e7</value>
         <object_component_ref idref="oc-8f"/>
      </symbol>
      <symbol id="sm-c78">
         <name>__aeabi_memclr8</name>
         <value>0x91e5</value>
         <object_component_ref idref="oc-8f"/>
      </symbol>
      <symbol id="sm-c79">
         <name>__aeabi_memclr4</name>
         <value>0x91e5</value>
         <object_component_ref idref="oc-8f"/>
      </symbol>
      <symbol id="sm-c7a">
         <name>__aeabi_memclr</name>
         <value>0x91e5</value>
         <object_component_ref idref="oc-8f"/>
      </symbol>
      <symbol id="sm-c91">
         <name>__TI_zero_init</name>
         <value>0x9533</value>
         <object_component_ref idref="oc-4d"/>
      </symbol>
      <symbol id="sm-ca8">
         <name>__TI_decompress_none</name>
         <value>0x9517</value>
         <object_component_ref idref="oc-1b"/>
      </symbol>
      <symbol id="sm-ccb">
         <name>__TI_decompress_lzss</name>
         <value>0x925f</value>
         <object_component_ref idref="oc-15"/>
      </symbol>
      <symbol id="sm-cdb">
         <name>strncpy</name>
         <value>0x947f</value>
         <object_component_ref idref="oc-20a"/>
      </symbol>
      <symbol id="sm-cf0">
         <name>__stack</name>
         <value>0x20003bd0</value>
         <object_component_ref idref="oc-24"/>
      </symbol>
      <symbol id="sm-cf1">
         <name>_c_int00_noargs</name>
         <value>0x94b5</value>
         <object_component_ref idref="oc-59"/>
      </symbol>
      <symbol id="sm-d03">
         <name>__aeabi_idiv0</name>
         <value>0x76e3</value>
         <object_component_ref idref="oc-2ab"/>
      </symbol>
      <symbol id="sm-d04">
         <name>__aeabi_ldiv0</name>
         <value>0x76e3</value>
         <object_component_ref idref="oc-2ab"/>
      </symbol>
      <symbol id="sm-d2c">
         <name>__TI_auto_init_nobinit_nopinit</name>
         <value>0x93bd</value>
         <object_component_ref idref="oc-114"/>
      </symbol>
      <symbol id="sm-d36">
         <name>_system_pre_init</name>
         <value>0x9545</value>
         <object_component_ref idref="oc-95"/>
      </symbol>
      <symbol id="sm-d42">
         <name>C$$EXIT</name>
         <value>0x9549</value>
         <object_component_ref idref="oc-108"/>
      </symbol>
      <symbol id="sm-d43">
         <name>abort</name>
         <value>0x9549</value>
         <object_component_ref idref="oc-108"/>
      </symbol>
      <symbol id="sm-d48">
         <name>__TI_static_base__</name>
         <value>0x0</value>
      </symbol>
      <symbol id="sm-d4b">
         <name>__mpu_init</name>
         <value>0x0</value>
      </symbol>
      <symbol id="sm-d4c">
         <name>_system_post_cinit</name>
         <value>0x0</value>
      </symbol>
   </symbol_table>
   <title>Link successful</title>
</link_info>
